===============================================================================
 #9012 Blanchard Okl 1.RIGID & ENDWALL FRAME MEMBERS:           5/25/26  6:33pm

                                                                 Total    Total
 Quan Mark   Description           Part     Punch       Length  Weight     Cost
===============================================================================
    4 RF1-1  RF Column                               11'05-00"  3664.0  6154.76
    6 RF1-2  RF Rafter                               41'04-15" 13231.8 22217.64
    6 RF1-3  RF Rafter                               40'00-15"  7720.2 12958.86
    2 RF1-4  RF Column                               11'05-00"  1826.8  3068.44

    2 WF-1   Wind Column           W12X26            10'10-00"   639.2  1384.50

    2 EC-1   EW Column             W8X10             10'08-14"   233.2   511.78
    1 EC-2   EW Column             W8X10             13'03-14"   142.9   256.50
    1 EC-3   EW Column             W8X10             15'11-14"   167.4   332.91
    1 EC-4   EW Column             W8X10             19'03-09"   202.6   336.50
    2 EC-5   EW Column             W8X10             21'11-14"   471.8   854.58
    1 EC-6   EW Column             W8X10             24'04-10"   259.9   427.29
    1 EC-7   EW Column             W8X10             19'03-09"   202.6   336.50
    1 EC-8   EW Column             W8X10             15'11-14"   167.4   332.91
    1 EC-9   EW Column             W8X10             13'03-14"   142.9   256.50
    2 EC-10  EW Column             W8X10             10'08-14"   233.2   511.78
    1 EC-11  EW Column             W8X10             13'08-14"   147.0   256.50
    1 EC-12  EW Column             W8X10             16'01-04"   172.8   340.10
    2 EC-13  EW Column             W8X10             19'05-04"   412.2   680.20
    1 EC-14  EW Column             W8X10             22'09-04"   235.2   412.91
    1 EC-15  EW Column             W8X10             22'09-04"   235.2   412.91
    1 EC-16  EW Column             W8X10             16'01-04"   172.8   340.10
    1 EC-17  EW Column             W8X10             13'08-14"   147.0   256.50
    2 ER-1   EW Rafter             W8X10             37'00-08"   799.6  1375.72
    2 ER-2   EW Rafter             W8X10             28'04-03"   632.0  1068.22
    1 ER-3   EW Rafter             W8X10             20'09-02"   235.6   447.07
    1 ER-4   EW Rafter             W8X10             20'09-02"   238.7   452.16
    2 ER-5   EW Rafter             W8X10             37'08-10"   813.2  1375.72
    2 ER-6   EW Rafter             W8X10             32'08-03"   723.0  1235.26
    2 ER-7   EW Rafter             W8X10             15'09-00"   366.6   727.08

-------------------------------------------------------------------------------
                                                     Total:    34636.8 59321.90


===============================================================================
 #9012 Blanchard Okl 2.DOOR JAMBS & HEADERS:                    5/25/26  6:33pm

                                           Punch/                Total    Total
 Quan Mark   Description      Part          Color       Length  Weight     Cost
===============================================================================
    4 DJ-1   Door Jamb        C83516       EP -EP    11'03-02"   134.3   111.85
                    Web Hole : Dia= 0-09"
                     Loc=  3'02-04"  7'02-04"  7'05-04"
    8 DJ-2   Door Jamb        C83516       EP -EP    11'03-02"   268.5   223.70
                    Web Hole : Dia= 0-09"
                     Loc=  7'02-04"  7'05-04"
    2 DJ-3   Door Jamb        C83516       EP -EP    14'01-12"    84.3    70.26
                    Web Hole : Dia= 0-09"
                     Loc=  7'02-04"  7'05-04"
    2 DJ-4   Door Jamb        C83516       EP -EP    11'02-12"    66.9    55.77
                    Web Hole : Dia= 0-09"
                     Loc=  7'02-04"  7'05-04"

    2 DH-1   Door Header      C82516       EP -EP     8'03-08"    43.3    36.77
    6 DH-2   Door Header      C82516       EP -EP     3'03-08"    51.6    43.79

    2 DS-1   Door Sill        C82516       EP -EP     8'03-08"    43.3    36.77

-------------------------------------------------------------------------------
                                                     Total:      692.2   578.91


===============================================================================
 #9012 Blanchard Okl 3.PURLINS, EAVE STRUTS, WALL GIRTS:        5/25/26  6:33pm

                                                                 Total    Total
 Quan Mark   Description     Part     Pitch   Punch     Length  Weight     Cost
===============================================================================
   17 P-1    Roof Purlin     Z82514           ??-EP  22'09-08"  1251.5   999.07
                     Web=     2-12"     6-12"  2'08-12"  5'06-06"  5'10-06"
                          11'02-12" 11'06-12" 16'03-12" 16'07-12" 16'11-02"
                          17'03-02" 17'03-12" 19'05-12" 19'09-12" 21'11-12"
   32 P-2    Roof Purlin     Z82516           EP-EP  24'03-08"  2028.8  1723.20
                     Web=     9-12"  2'11-12"  3'03-12"  5'05-12"  6'01-12"
                           6'05-12"  7'11-03"  8'03-03" 16'00-05" 16'04-05"
                          19'09-12" 20'09-12" 22'01-12" 22'11-12" 23'03-12"
   32 P-3    Roof Purlin     Z82516           EP-EP  24'03-08"  2028.8  1723.20
                     Web=    11-12"  1'03-12"  2'01-12"  3'05-12"  4'05-12"
                           7'11-03"  8'03-03" 16'00-05" 16'04-05" 17'09-12"
                          18'01-12" 18'09-12" 20'11-12" 21'03-12" 23'05-12"
   17 P-4    Roof Purlin     Z82514           EP-??  23'05-08"  1288.1  1028.29
                     Web=     9-12"  2'11-12"  3'03-12"  4'06-05"  4'10-05"
                           5'05-12"  6'01-12"  6'05-12"  9'02-10"  9'06-10"
                          13'10-14" 14'02-14" 18'07-03" 18'11-03" 20'08-12"
                          22'10-12" 23'02-12"
   17 P-5    Roof Purlin     Z82514           EP-??  22'09-08"  1251.5   999.07
                     Web=     9-12"  2'11-12"  3'03-12"  5'05-12"  5'06-06"
                           5'10-06"  6'01-12"  6'05-12" 11'02-12" 11'06-12"
                          16'11-02" 17'03-02" 20'00-12" 22'02-12" 22'06-12"
   17 P-6    Roof Purlin     Z82514           ??-EP  23'05-08"  1288.1  1028.29
                     Web=     2-12"     6-12"  2'08-12"  4'06-05"  4'10-05"
                           9'02-10"  9'06-10" 13'10-14" 14'02-14" 16'11-12"
                          17'03-12" 17'11-12" 18'07-03" 18'11-03" 20'01-12"
                          20'05-12" 22'07-12"
    1 P-7    Roof Purlin     Z82512           EP-EP  24'03-08"   113.0    84.07
                     Web=     9-12"  2'11-12"  3'03-12"  5'05-12"  6'01-12"
                           6'05-12"  7'11-03"  8'03-03" 16'00-05" 16'04-05"
                          19'09-12" 20'09-12" 22'01-12" 22'11-12" 23'03-12"
    1 P-8    Roof Purlin     Z82514           EP-EP  24'03-08"    78.5    62.64
                     Web=     9-12"  2'11-12"  3'03-12"  5'05-12"  6'01-12"
                           6'05-12"  7'11-03"  8'03-03" 16'00-05" 16'04-05"
                          19'09-12" 20'09-12" 22'01-12" 22'11-12" 23'03-12"
    1 P-9    Roof Purlin     Z82514           EP-EP  24'03-08"    78.5    62.64
                     Web=    11-12"  1'03-12"  2'01-12"  3'05-12"  4'05-12"
                           7'11-03"  8'03-03" 16'00-05" 16'04-05" 17'09-12"
                          18'01-12" 18'09-12" 20'11-12" 21'03-12" 23'05-12"
    1 P-10   Roof Purlin     Z82512           EP-EP  24'03-08"   113.0    84.07
                     Web=    11-12"  1'03-12"  2'01-12"  3'05-12"  4'05-12"
                           7'11-03"  8'03-03" 16'00-05" 16'04-05" 17'09-12"
                          18'01-12" 18'09-12" 20'11-12" 21'03-12" 23'05-12"
    1 E-1    Eave Strut      08534DU2  2.00  ES5-??  19'07-08"    76.9    61.50
                    IFlg= 19'01-08" 19'04-00"
    4 E-2    Eave Strut      08534DU2  2.00 ES5-ES5  19'11-08"   312.9   250.16
    1 E-3    Eave Strut      08534DU2  2.00  ??-ES5  20'03-08"    79.5    63.59
                    IFlg=     3-08"     6-00"
    1 E-4    Eave Strut      08534DU2  2.00  ES5-??  20'03-08"    79.5    63.59
                    IFlg= 19'09-08" 20'00-00"
    1 E-5    Eave Strut      08534DU2  2.00  ??-ES5  19'07-08"    76.9    61.50
                    IFlg=     3-08"     6-00"

    2 G-1    Wall Girt       Z82516           EP-EP  14'10-00"    77.4    65.77
    4 G-2    Wall Girt       Z82516           EP-EP  15'04-00"   160.1   135.97
    6 G-3    Wall Girt       Z82516           EP-EP  15'06-00"   242.7   206.17
    6 G-4    Wall Girt       Z82516           EP-EP  15'10-00"   247.9   210.60
    2 G-5    Wall Girt       Z82514           EP-EP  17'04-00"   112.0    89.39
    4 G-6    Wall Girt       Z82516           EP-EP  13'06-00"   140.9   119.71
    1 G-7    Wall Girt       Z82516           EP-EP  19'04-00"    50.5    42.86
    6 G-8    Wall Girt       Z82512           EP-EP  19'04-00"   539.4   401.43
    1 G-9    Wall Girt       Z82514           EP-EP  19'04-00"    62.4    49.86
    1 G-10   Wall Girt       Z82516           ??-EP  20'09-08"    54.3    46.10
                     Web=     2-12"     6-12" 18'07-12" 19'05-12" 19'09-12"
    4 G-11   Wall Girt       Z82516           EP-EP  22'03-08"   232.7   197.67
                     Web=    11-12"  1'03-12"  2'01-12" 20'01-12" 20'11-12"
                          21'03-12"
    1 G-12   Wall Girt       Z82516           EP-??  21'05-08"    56.0    47.57
                     Web=    11-12"  1'03-12"  2'01-12" 20'10-12" 21'02-12"
    1 G-13   Wall Girt       Z82516           ??-EP  21'05-08"    56.0    47.57
                     Web=     2-12"     6-12" 19'03-12" 20'01-12" 20'05-12"
    1 G-14   Wall Girt       Z82516           EP-??  20'09-08"    54.3    46.10
                     Web=    11-12"  1'03-12"  2'01-12" 20'02-12" 20'06-12"

-------------------------------------------------------------------------------
                                                     Total:    12232.3 10001.65


===============================================================================
 #9012 Blanchard Okl 4.ROOF & WALL SHEETING:                    5/25/26  6:33pm

                                                                 Total    Total
 Quan Mark   Description           Part    Clr Pitch    Length  Weight     Cost
===============================================================================
   80 RS-1   Roof Sheet            CL244    SO       45'11-00"  9036.4  8588.26
   80 RS-2   Roof Sheet            CL244    SO       40'03-08"  7929.4  7536.16

    2 ESL-1  L_EW Sheet            RLOC26   CB       12'08-00"    67.0    81.08
    1 ESL-2  L_EW Sheet            RLOC26   CB       13'02-00"    34.8    42.14
    1 ESL-3  L_EW Sheet            RLOC26   CB       13'08-00"    36.1    43.74
    1 ESL-4  L_EW Sheet            RLOC26   CB       14'02-00"    37.4    45.34
    1 ESL-5  L_EW Sheet            RLOC26   CB       14'08-00"    38.8    46.94
    1 ESL-6  L_EW Sheet            RLOC26   CB       15'02-00"    40.1    48.54
    1 ESL-7  L_EW Sheet            RLOC26   CB       15'08-00"    41.4    50.14
    1 ESL-8  L_EW Sheet            RLOC26   CB       16'02-00"    42.7    51.74
    1 ESL-9  L_EW Sheet            RLOC26   CB       16'08-00"    44.1    53.34
    1 ESL-10 L_EW Sheet            RLOC26   CB       17'02-00"    45.4    54.95
    1 ESL-11 L_EW Sheet            RLOC26   CB       17'08-00"    46.7    56.55
    1 ESL-12 L_EW Sheet            RLOC26   CB       21'02-00"    55.9    67.75
    1 ESL-13 L_EW Sheet            RLOC26   CB       21'08-00"    57.3    69.35
    1 ESL-14 L_EW Sheet            RLOC26   CB       22'02-00"    58.6    70.95
    1 ESL-15 L_EW Sheet            RLOC26   CB       22'08-00"    59.9    72.55
    1 ESL-16 L_EW Sheet            RLOC26   CB       23'02-00"    61.2    74.15
    1 ESL-17 L_EW Sheet            RLOC26   CB       23'08-00"    62.6    75.75
    1 ESL-18 L_EW Sheet            RLOC26   CB       24'02-00"    63.9    77.35
    1 ESL-19 L_EW Sheet            RLOC26   CB       24'08-00"    65.2    78.95
    1 ESL-20 L_EW Sheet            RLOC26   CB       25'02-00"    66.5    80.55
    1 ESL-21 L_EW Sheet            RLOC26   CB       25'08-00"    67.8    82.15
    1 ESL-22 L_EW Sheet            RLOC26   CB       26'02-00"    69.2    83.75
    1 ESL-23 L_EW Sheet            RLOC26   CB       26'04-00"    69.6    84.28
    1 ESL-24 L_EW Sheet            RLOC26   CB       26'00-00"    68.7    83.22
    1 ESL-25 L_EW Sheet            RLOC26   CB       25'06-00"    67.4    81.62
    1 ESL-26 L_EW Sheet            RLOC26   CB       25'00-00"    66.1    80.01
    1 ESL-27 L_EW Sheet            RLOC26   CB       24'06-00"    64.8    78.41
    1 ESL-28 L_EW Sheet            RLOC26   CB       24'00-00"    63.4    76.81
    1 ESL-29 L_EW Sheet            RLOC26   CB       23'06-00"    62.1    75.21
    1 ESL-30 L_EW Sheet            RLOC26   CB       23'00-00"    60.8    73.61
    1 ESL-31 L_EW Sheet            RLOC26   CB       22'06-00"    59.5    72.01
    1 ESL-32 L_EW Sheet            RLOC26   CB       22'00-00"    58.1    70.41
    1 ESL-33 L_EW Sheet            RLOC26   CB       21'06-00"    56.8    68.81
    1 ESL-34 L_EW Sheet            RLOC26   CB       21'00-00"    55.5    67.21
    1 ESL-35 L_EW Sheet            RLOC26   CB       18'00-00"    47.6    57.61
    1 ESL-36 L_EW Sheet            RLOC26   CB       17'06-00"    46.3    56.01
    1 ESL-37 L_EW Sheet            RLOC26   CB       17'00-00"    44.9    54.41
    1 ESL-38 L_EW Sheet            RLOC26   CB       16'06-00"    43.6    52.81
    1 ESL-39 L_EW Sheet            RLOC26   CB       16'00-00"    42.3    51.21
    1 ESL-40 L_EW Sheet            RLOC26   CB       15'06-00"    41.0    49.61
    1 ESL-41 L_EW Sheet            RLOC26   CB       15'00-00"    39.6    48.01
    1 ESL-42 L_EW Sheet            RLOC26   CB       14'06-00"    38.3    46.41
    1 ESL-43 L_EW Sheet            RLOC26   CB       14'00-00"    37.0    44.81
    1 ESL-44 L_EW Sheet            RLOC26   CB       13'06-00"    35.7    43.21
    1 ESL-45 L_EW Sheet            RLOC26   CB       13'00-00"    34.4    41.61
    2 ESR-1  R_EW Sheet            RLOC26   CB       12'08-00"    67.0    81.08
    1 ESR-2  R_EW Sheet            RLOC26   CB       13'02-00"    34.8    42.14
    1 ESR-3  R_EW Sheet            RLOC26   CB       13'08-00"    36.1    43.74
    1 ESR-4  R_EW Sheet            RLOC26   CB       14'02-00"    37.4    45.34
    1 ESR-5  R_EW Sheet            RLOC26   CB       14'08-00"    38.8    46.94
    1 ESR-6  R_EW Sheet            RLOC26   CB       15'02-00"    40.1    48.54
    1 ESR-7  R_EW Sheet            RLOC26   CB       15'08-00"    41.4    50.14
    1 ESR-8  R_EW Sheet            RLOC26   CB       16'02-00"    42.7    51.74
    1 ESR-9  R_EW Sheet            RLOC26   CB       16'08-00"    44.1    53.34
    1 ESR-10 R_EW Sheet            RLOC26   CB       17'02-00"    45.4    54.95
    1 ESR-11 R_EW Sheet            RLOC26   CB       17'08-00"    46.7    56.55
    1 ESR-12 R_EW Sheet            RLOC26   CB       18'02-00"    48.0    58.15
    1 ESR-13 R_EW Sheet            RLOC26   CB       18'08-00"    49.3    59.75
    1 ESR-14 R_EW Sheet            RLOC26   CB       19'02-00"    50.7    61.35
    1 ESR-15 R_EW Sheet            RLOC26   CB       19'08-00"    52.0    62.95
    1 ESR-16 R_EW Sheet            RLOC26   CB       20'02-00"    53.3    64.55
    1 ESR-17 R_EW Sheet            RLOC26   CB       20'08-00"    54.6    66.15
    1 ESR-18 R_EW Sheet            RLOC26   CB       21'02-00"    55.9    67.75
    1 ESR-19 R_EW Sheet            RLOC26   CB       21'08-00"    57.3    69.35
    1 ESR-20 R_EW Sheet            RLOC26   CB       22'02-00"    58.6    70.95
    1 ESR-21 R_EW Sheet            RLOC26   CB       22'08-00"    59.9    72.55
    1 ESR-22 R_EW Sheet            RLOC26   CB       23'02-00"    61.2    74.15
    1 ESR-23 R_EW Sheet            RLOC26   CB       23'08-00"    62.6    75.75
    1 ESR-24 R_EW Sheet            RLOC26   CB       24'02-00"    63.9    77.35
    1 ESR-25 R_EW Sheet            RLOC26   CB       24'08-00"    65.2    78.95
    1 ESR-26 R_EW Sheet            RLOC26   CB       24'06-00"    64.8    78.41
    1 ESR-27 R_EW Sheet            RLOC26   CB       24'00-00"    63.4    76.81
    1 ESR-28 R_EW Sheet            RLOC26   CB       23'06-00"    62.1    75.21
    1 ESR-29 R_EW Sheet            RLOC26   CB       23'00-00"    60.8    73.61
    1 ESR-30 R_EW Sheet            RLOC26   CB       22'06-00"    59.5    72.01
    1 ESR-31 R_EW Sheet            RLOC26   CB       22'00-00"    58.1    70.41
    1 ESR-32 R_EW Sheet            RLOC26   CB       21'06-00"    56.8    68.81
    1 ESR-33 R_EW Sheet            RLOC26   CB       21'00-00"    55.5    67.21
    1 ESR-34 R_EW Sheet            RLOC26   CB       20'06-00"    54.2    65.61
    1 ESR-35 R_EW Sheet            RLOC26   CB       20'00-00"    52.9    64.01
    1 ESR-36 R_EW Sheet            RLOC26   CB       19'06-00"    51.5    62.41
    1 ESR-37 R_EW Sheet            RLOC26   CB       19'00-00"    50.2    60.81
    1 ESR-38 R_EW Sheet            RLOC26   CB       18'06-00"    48.9    59.21
    1 ESR-39 R_EW Sheet            RLOC26   CB       18'00-00"    47.6    57.61
    1 ESR-40 R_EW Sheet            RLOC26   CB       17'06-00"    46.3    56.01
    1 ESR-41 R_EW Sheet            RLOC26   CB       17'00-00"    44.9    54.41
    1 ESR-42 R_EW Sheet            RLOC26   CB       16'06-00"    43.6    52.81
    1 ESR-43 R_EW Sheet            RLOC26   CB       16'00-00"    42.3    51.21
    1 ESR-44 R_EW Sheet            RLOC26   CB       15'06-00"    41.0    49.61
    1 ESR-45 R_EW Sheet            RLOC26   CB       15'00-00"    39.6    48.01
    1 ESR-46 R_EW Sheet            RLOC26   CB       14'06-00"    38.3    46.41
    1 ESR-47 R_EW Sheet            RLOC26   CB       14'00-00"    37.0    44.81
    1 ESR-48 R_EW Sheet            RLOC26   CB       13'06-00"    35.7    43.21
    1 ESR-49 R_EW Sheet            RLOC26   CB       13'00-00"    34.4    41.61

   27 SSF-1  F_SW Sheet            RLOC26   CB       12'00-00"   856.3  1036.93
   27 SSB-1  B_SW Sheet            RLOC26   CB       12'00-00"   856.3  1036.93


            Colors
            ------
              CB - Polar SMP Life           
              SO - Galvalume Standard 25-yr 

-------------------------------------------------------------------------------
                                                     Total:    23500.6 24037.79


===============================================================================
 #9012 Blanchard Okl 5.CONNECTION PLATES:                       5/25/26  6:33pm

                                                                 Total    Total
 Quan Mark   Description Part     Dwg  Ang Thick  Width Length  Weight     Cost
===============================================================================
   16 b1     Grt-Jmb Plt CL-103   SP2   90 0.135  6-00"  9-08"    34.7    54.86
   16 c1     Hdr-Jmb Plt CL-100   SP3   90 0.135  6-00"  6-00"    21.9    34.64
    4 c2     Sill-Jmb Pl CL-100   SP3   90 0.135  6-00"  6-00"     5.5     8.66
    6 e1     Jmb-Eav Plt          SP5  -90 0.188  6-07"  6-11"    13.9    23.29
               A= 2-00" B= 2-00" C= 1-10" D= 3-15"
               E= 2-00" F= 2-05" G= 0-11"
    6 e2     Jmb-Eav Plt          SP5   90 0.188  6-07"  6-11"    13.9    23.29
               A= 2-00" B= 2-00" C= 1-10" D= 3-15"
               E= 2-00" F= 2-05" G= 0-11"
   16 f1     Jmb-Bas Plt CL-104   SP6   90 0.135  6-00"  6-00"    23.8    37.67
    4 j1     Jmb-Grt Plt          SP10  90 0.188  5-12"  9-08"    11.6    19.49
               A= 0-14" B= 4-00" C= 0-14" D= 4-00"
               E= 2-00" F= 5-12"
    4 k1     Eav Plt     CL-18    SP11   0 0.188  3-08"  6-00"     4.5     7.08


            Colors
            ------
              RO - Red Oxide                

-------------------------------------------------------------------------------
                                                     Total:      129.8   208.98


===============================================================================
 #9012 Blanchard Okl 6.ANGLES:                                  5/25/26  6:33pm

                                                                 Total    Total
 Quan Mark   Description    Part    Clr Width Thick     Length  Weight     Cost
===============================================================================
   66 FB1A   EW Flg Brc     2X2X14Ga RO 2-00" 0.073   2'09-12"   183.5   237.60
    6 FB2A   RF Flg Brc     2X2X14Ga RO 2-00" 0.073   3'04-00"    19.8    25.60
    6 FB3A   RF Flg Brc     2X2X14Ga RO 2-00" 0.073   3'04-04"    19.9    25.76
    6 FB4A   RF Flg Brc     2X2X14Ga RO 2-00" 0.073   3'05-04"    20.4    26.40
   12 FB5A   RF Flg Brc     2X2X14Ga RO 2-00" 0.073   3'06-08"    42.1    54.40
    6 FB6A   RF Flg Brc     2X2X14Ga RO 2-00" 0.073   3'08-00"    21.8    28.16
    6 FB7A   RF Flg Brc     2X2X14Ga RO 2-00" 0.073   3'08-08"    22.0    28.48
   12 FB8A   RF Flg Brc     2X2X14Ga RO 2-00" 0.073   3'09-08"    45.0    58.24
   12 FB9A   RF Flg Brc     2X2X14Ga RO 2-00" 0.073   4'04-04"    51.7    66.88
   12 FB10A  RF Flg Brc     2X2X14Ga RO 2-00" 0.073   4'11-04"    58.7    75.84
   12 FB11A  RF Flg Brc     2X2X14Ga RO 2-00" 0.073   5'09-12"    69.0    89.28
   12 FB12A  RF Flg Brc     2X2X14Ga RO 2-00" 0.073   6'01-04"    72.5    93.76

   50 L4x2   L4x2x14g Angle B4214    RO       0.071  20'00-00"  1420.0  1145.20
   26 CL7710 Lo-Rake Suppor CL7710   RO   2.0 0.071  20'00-00"   806.0  1181.64
   20 CL7617 Lo-Float Eave  CL7617   RO   2.0 0.071   8'00-00"   372.2   514.73
   68 CL2102 Lo-Sliding Cli CL2102   SO   2.0 0.071      3-06"    27.2   125.11
   80 CL7760 24" Back Up Pl CL7760   RO       0.060   2'00-00"   254.4   731.18
   80 CL7760 24" Back Up Pl CL7760   RO   2.0 0.060   2'00-00"   254.4   731.18
   14 BANDS4 PURLIN STRAPPI BANDS4W           0.024 300'00-00"  1540.0  3689.48


            Colors
            ------
              RO - Red Oxide                
              SO - Galvalume Standard 25-yr 

-------------------------------------------------------------------------------
                                                     Total:     5300.6  8928.92


===============================================================================
 #9012 Blanchard Okl 7.TRIM:                                    5/25/26  6:33pm

                                                                 Total    Total
 Quan Mark   Description    Part    Clr Pitch Thick     Length  Weight     Cost
===============================================================================
   16 SSPC61 Box Panel Cap  SSPC6102 SO       0.019  10'02-00"    96.0   274.01
   46 SSRA61 Sculpt Rake Tr SSRA6102 SO       0.019  10'02-00"   653.2  1784.05
   46 SSRS61 Rake Slide     SSRS6102 SO       0.019  10'02-00"    92.0   278.04
   10 SSRE6  Sculp Rake End SSRE6    SO       0.019   1'00-00"    13.1   240.74
    3 PBOXF6 Peak Box       PBOXF6   SO   2.0 0.019   1'00-00"     3.9    71.41
   10 OA6786 Outside Angle  OA678610 CB   2.0 0.019  10'02-00"    45.0   136.61
    6 HE6    Head Trim      HE6      SO       0.019   6'03-00"    14.2    39.14
    4 HE6102 Head Trim      HE6102   SO       0.019  10'02-00"    15.4    39.90
    4 JA6    Jamb Trim      JA6      SO       0.019   7'02-00"    10.8    29.92
   12 JA6102 Jamb Trim      JA6102   SO       0.019  10'02-00"    46.1   119.70
   18 SSGU-4 SSeam Gutter   SSGU-46  SO   2.0 0.019  10'02-00"   319.1   918.70
    4 SSGEN6 Sculp.Gutr W\E SSGEN6   SO   2.0 0.019      0-08"     4.0    33.14
    4 OCB6   Outside Corner OCB6     SO   2.0 0.019     10-00"     4.0   106.04
   80 CL246  Gutter Strap   CL246    M        0.060     10-00"    24.0   331.50
   10 DK6    Downspout(w/KO DK6      SO       0.019  12'02-00"   122.6   353.35
   30 DSS6   Downspout Stra DSS6     SO       0.019      4-00"    30.0   112.67
    4 OU6    Outside Corner OU6      SO       0.019  12'02-00"    40.6   117.05
    8 SSRCP7 Floating Ridge SSRCP76  SO   2.0 0.019  10'02-00"   129.4   402.96


            Colors
            ------
              M  - Galvalume Plus 25-yr     
              CB - Polar SMP Life           
              SO - Galvalume Standard 25-yr 

-------------------------------------------------------------------------------
                                                     Total:     1663.3  5388.93


===============================================================================
 #9012 Blanchard Okl 8.DIAGONAL BRACING & SEALANT:              5/25/26  6:33pm

                                    Clr/     Thick/              Total    Total
 Quan Mark   Description  Part       Dia     FabLen     Length  Weight     Cost
===============================================================================
    1 CB-1   EW Cable     CB0250   0.250  22'04-00"  22'04-00"     2.7    16.97
    1 CB-2   EW Cable     CB0250   0.250  20'07-00"  20'07-00"     2.5    15.64
    1 CB-3   EW Cable     CB0250   0.250  21'01-00"  21'01-00"     2.5    16.02
    1 CB-4   EW Cable     CB0250   0.250  19'05-00"  19'05-00"     2.3    14.76
    4 CB-5   Roof Cable   CB0500   0.500  24'06-00"  24'06-00"    50.8   293.00
    4 CB-6   Roof Cable   CB0500   0.500  28'01-00"  28'01-00"    58.4   335.88
    4 CB-7   Roof Cable   CB0375   0.375  28'01-00"  28'01-00"    30.4   151.64
    4 CB-8   Roof Cable   CB0250   0.250  24'11-00"  24'11-00"    12.0    75.76
    4 CB-9   Roof Cable   CB0250   0.250  25'00-00"  25'00-00"    12.0    76.00

  12        Cbl Hardware CHW250         0.250                       1.2  345.00
   4        Cbl Hardware CHW375         0.375                      0.40  234.00
   8        Cbl Hardware CHW500         0.500                      0.80  807.68

   83        Metal Inside CL426               0.048      3-00"    18.3   195.22
    9        7/8" Tri Bea CL504A              0.188 200'00-00"   180.0   406.38
   23        Metal Roof S MRS                 0.250  25'00-00"    19.6   690.00
   33        Grayflex Joi GFLEX115            1.500  13'00-00"    33.0   627.97
   83        Outside Clos CL430       SO      0.024   2'00-00"    67.2   241.81


            Colors
            ------
              SO - Galvalume Standard 25-yr 

-------------------------------------------------------------------------------
                                                     Total:      494.0  4543.73


===============================================================================
 #9012 Blanchard Okl 9.ACCESSORIES:                             5/25/26  6:33pm

                                       Width/                    Total    Total
 Quan Mark   Description      Part      Color Thick     Length  Weight     Cost
===============================================================================
-------------------------------------------------------------------------------
                                                     Total:       0.00     0.00


===============================================================================
 #9012 Blanchard Okl 10.FASTENERS:                              5/25/26  6:33pm

                                        Type/                    Total    Total
  Quan Mark   Description      Part     Color   Dia     Length  Weight     Cost
===============================================================================
    43        Bolts            BN58114   A325 0.625      1-04"    11.7    60.20
  1550        Bolts            BN12100M  A307 0.500      1-00"   187.6   682.00
   112        Bolts            BN58134   A325 0.625      1-12"    30.6   168.00
   100        Bolts            BN12100F  A307 0.500      1-00"    12.1    47.00
    75        Washers          FW12000        0.500                1.5    22.50
   100        Bolts            BN12114M  A307 0.500      1-04"    13.1    47.00
    73        Bolts            BN78234   A325 0.875      2-12"    49.6   310.25
    49        Bolts            BN58200   A325 0.625      2-00"    14.4    75.95
    12        Bolts            BN58112   A325 0.625      1-08"     6.2    16.80
    84        Anchor Bolt      AB750    F1554 0.750   1'03-00"   210.0  2546.88
    24        Anchor Bolt      AB114    F1554 1.250   2'00-00"    96.0     0.00

  2250        1/4-14x1.25 LL D 1EFAST      SO            1-04"    36.0   384.98
  2000        M/M SCREW #12    114MM       CB            1-04"    32.0   114.40
  5250        M/M SCREW #12    78LAP       SO            0-14"    84.0   290.85
   500        1/4-14x1 Driller 1FAST       PL            1-00"     8.0    46.60
  6750        1/4-12x1/2 TEK   8X12LATH    GZ            1-04"   108.0   238.95
   250        10x1 Pancake Dri 12FAST      SO            1-00"     4.0    67.33
   800        1/8" Pop Rivet   POP         SO            1-04"     2.4  5597.36
   500        1/4-14x7/8 LL La 4FAST       M             0-14"     8.0    62.35
  1750        M/M SCREW #12    78LAP       CB            0-14"    28.0    96.95


            Colors
            ------
              -- - K1,KA,KB,KC,KD,KE,KF,KG,K
              GZ - Galvanized               
              PL - Plated                   
              M  - Galvalume Plus 25-yr     
              CB - Polar SMP Life           
              SO - Galvalume Standard 25-yr 

-------------------------------------------------------------------------------
                                                     Total:      943.2 10876.35


===============================================================================
 #9012 Blanchard Okl  Summary Reports                           5/25/26  6:33pm
===============================================================================






                             WEIGHT & COST SUMMARY
         --------------------------------------------------------------
         Page    Description                     Total Wt    Total Cost
         --------------------------------------------------------------
           1     Rigid Frames & Endwall Frames    34636.8      59321.90
           2     Door Jambs & Headers               692.2        578.91
           3     Purlins, Girts & Eave Struts     12232.3      10001.65
           4     Roof & Wall Sheeting             23500.6      24037.79
           5     Connection Plates                  129.8        208.98
           6     Angles                            5300.6       8928.92
           7     Trim                              1663.3       5388.93
           8     Diagonal Bracing & Sealant         494.0       4543.73
           9     Accessories                         0.00          0.00
          10     Fasteners                          943.2      10876.35
         --------------------------------------------------------------
                                     Totals:      79592.7     123887.16



    *WARNING: Cost could not be computed for the following parts!


                       Page     Quan       Part
                       ----    ------    --------
                        10        24     AB114   
