===============================================================================
 #9053 Precision Per 1.RIGID & ENDWALL FRAME MEMBERS:           6/ 2/26 10:34am

                                                                 Total    Total
 Quan Mark   Description           Part     Punch       Length  Weight     Cost
===============================================================================
    6 RF1-1  RF Column                               29'04-04" 14118.6 23706.96
    6 RF1-2  RF Rafter                               35'04-00" 16231.8 27259.20
    6 RF1-3  RF Rafter                               39'11-00" 21142.2 35508.54
    6 RF1-4  RF Rafter                               40'01-04" 20572.2 34548.90
    6 RF1-5  RF Rafter                               33'02-01" 19627.8 32965.38
    6 RF1-6  RF Column                               39'04-01" 22421.4 37644.26


    1 EC-1   EW Column             W12X14            28'05-14"   438.9   740.38
    2 EC-2   EW Column             W12X19            30'01-04"  1223.6  2264.40
    1 EC-3   EW Column             W12X22            31'09-06"   738.6  1299.33
    2 EC-4   EW Column             W12X22            33'05-09"  1555.4  2605.84
    1 EC-5   EW Column             W12X26            35'01-11"   957.7  1739.39
    1 EC-6   EW Column             W12X26            36'09-13"  1003.5  1742.98
    1 EC-7   EW Column             W12X19            38'05-03"   797.5  1331.01
    1 EC-8   EW Column             W12X19            38'05-03"   797.5  1331.01
    1 EC-9   EW Column             W12X26            36'09-13"  1003.5  1742.98
    1 EC-10  EW Column             W12X26            35'01-11"   957.7  1739.39
    1 EC-11  EW Column             W12X22            31'09-06"   738.6  1299.33
    1 EC-12  EW Column             W12X14            28'05-14"   438.9   740.38
    1 ER-1   EW Rafter             W10X12            30'10-14"   414.7   743.71
    1 ER-2   EW Rafter             W10X12            26'10-10"   364.3   645.83
    1 ER-3   EW Rafter             W10X12            26'10-10"   364.3   645.83
    1 ER-4   EW Rafter             W10X12            26'10-10"   364.3   645.83
    2 ER-5   EW Rafter             W10X12            18'10-10"   510.8   865.32
    1 ER-6   EW Rafter             W10X12            30'09-04"   411.0   740.50
    1 ER-7   EW Rafter             W10X12            30'09-04"   411.0   740.50
    1 ER-8   EW Rafter             W10X12            26'10-10"   364.3   645.83
    1 ER-9   EW Rafter             W10X12            26'10-10"   364.3   645.83
    1 ER-10  EW Rafter             W10X12            26'10-10"   364.3   645.83
    1 ER-11  EW Rafter             W10X12            30'10-14"   414.7   743.71

-------------------------------------------------------------------------------
                                                     Total:   129113.4 217918.4


===============================================================================
 #9053 Precision Per 2.DOOR JAMBS & HEADERS:                    6/ 2/26 10:34am

                                           Punch/                Total    Total
 Quan Mark   Description      Part          Color       Length  Weight     Cost
===============================================================================
    2 DJ-1   Door Jamb        C83514       EP -EP    11'00-12"    81.6    68.02
                    Web Hole : Dia= 0-09"
                     Loc=  3'06-04"  7'02-04" 10'01-04"

    1 DH-1   Door Header      C82516       EP -EP    24'09-08"    64.7    54.96

-------------------------------------------------------------------------------
                                                     Total:      146.3   122.98


===============================================================================
 #9053 Precision Per 3.PURLINS, EAVE STRUTS, WALL GIRTS:        6/ 2/26 10:34am

                                                                 Total    Total
 Quan Mark   Description     Part     Pitch   Punch     Length  Weight     Cost
===============================================================================
   35 P-1    Roof Purlin     Z82512           ??-EP  33'05-08"  5445.3  4052.51
                     Web=     2-12"     6-12"  2'08-12" 26'11-12" 27'03-12"
                          27'11-12" 30'01-12" 30'05-12" 32'07-12"
   70 P-2    Roof Purlin     Z82512           EP-EP  36'07-08" 11921.4  8872.12
                     Web=     9-12"  2'11-12"  3'03-12"  5'05-12"  6'01-12"
                           6'05-12" 30'01-12" 30'05-12" 31'01-12" 33'03-12"
                          33'07-12" 35'09-12"
  105 P-3    Roof Purlin     Z82514           EP-EP  36'07-08" 12421.4  9915.95
                     Web=     9-12"  2'11-12"  3'03-12"  5'05-12"  6'01-12"
                           6'05-12" 30'01-12" 30'05-12" 31'01-12" 33'03-12"
                          33'07-12" 35'09-12"
   35 P-4    Roof Purlin     Z82512           EP-??  33'05-08"  5445.3  4052.51
                     Web=     9-12"  2'11-12"  3'03-12"  5'05-12"  6'01-12"
                           6'05-12" 30'08-12" 32'10-12" 33'02-12"
    4 P-5    Roof Purlin     Z82516           EP-EP  30'06-08"   318.9   270.82
                     Web=     5-12" 30'00-12"
    1 E-1    Eave Strut      08534DD0 -0.75  ES5-??  30'03-08"   118.7    94.92
                    IFlg= 29'09-10" 29'11-14"
    5 E-2    Eave Strut      08534DD0 -0.75 ES5-ES5  30'03-08"   593.7   474.60
    1 E-3    Eave Strut      08534DD0 -0.75  ??-ES5  30'03-08"   118.7    94.92
                    IFlg=     3-10"     5-14"
    1 E-4    Eave Strut      08532DU1  0.75  ES5-??  30'03-08"   171.1   127.39
                    IFlg= 29'09-10" 29'11-14"
    5 E-5    Eave Strut      08532DU1  0.75 ES5-ES5  30'03-08"   855.7   636.95
    1 E-6    Eave Strut      08532DU1  0.75  ??-ES5  30'03-08"   171.1   127.39
                    IFlg=     3-10"     5-14"

   30 G-1    Wall Girt       Z82512           EP-EP  25'02-00"  3510.8  2612.76
   56 G-2    Wall Girt       Z82512           EP-EP  26'02-00"  6813.8  5070.94
    8 G-3    Wall Girt       Z82516           EP-EP  26'02-00"   546.4   464.06
    2 G-4    Wall Girt       Z82514           EP-EP  26'02-00"   169.0   134.95
    2 G-5    Wall Girt       Z83512           EP-EP  25'02-00"   267.8   199.18
    2 G-6    Wall Girt       Z82512           ??-EP  32'05-08"   301.9   224.66
                     Web=     2-12"     6-12" 26'11-12" 27'11-12" 28'03-12"
                          30'01-12" 30'05-12"
    5 G-7    Wall Girt       Z82514           ??-EP  32'05-08"   524.2   418.47
                     Web=     2-12"     6-12" 26'11-12" 27'11-12" 28'03-12"
                          30'01-12" 30'05-12"
    6 G-8    Wall Girt       Z82514           ??-EP  30'07-08"   593.5   473.80
                     Web=     2-12"     6-12" 26'11-12" 27'11-12" 30'01-12"
    1 G-9    Wall Girt       Z82516           ??-EP  32'05-08"    84.7    71.96
                     Web=     2-12"     6-12" 26'11-12" 27'11-12" 28'03-12"
                          30'01-12" 30'05-12"
    1 G-10   Wall Girt       Z83514           ??-EP  32'05-08"   119.8    99.78
                     Web=     2-12"     6-12" 26'11-12" 27'11-12" 28'03-12"
                          30'01-12" 30'05-12"
    4 G-11   Wall Girt       Z82512           EP-EP  34'07-08"   644.0   479.30
                     Web=  1'11-12"  2'03-12"  4'01-12"  4'05-12"  5'05-12"
                          29'01-12" 30'01-12" 30'05-12" 32'03-12" 32'07-12"
    8 G-12   Wall Girt       Z82516           EP-EP  34'07-08"   723.0   614.06
                     Web=  1'11-12"  2'03-12"  4'01-12"  4'05-12"  4'08-12"
                           5'05-12" 29'01-12" 29'10-12" 30'01-12" 30'05-12"
                          32'03-12" 32'07-12"
   21 G-13   Wall Girt       Z82514           EP-EP  34'07-08"  2348.6  1874.90
                     Web=  1'11-12"  2'03-12"  4'01-12"  4'05-12"  5'05-12"
                          29'01-12" 30'01-12" 30'05-12" 32'03-12" 32'07-12"
    2 G-14   Wall Girt       Z82514           EP-EP  34'07-08"   223.7   178.57
                     Web=  1'11-12"  2'03-12"  4'01-12"  4'05-12"  4'08-12"
                           5'05-12" 29'01-12" 29'10-12" 30'01-12" 30'05-12"
                          32'03-12" 32'07-12"
    5 G-15   Wall Girt       Z82516           EP-EP  34'07-08"   451.9   383.79
                     Web=  1'11-12"  2'03-12"  4'01-12"  4'05-12"  4'07-12"
                           5'05-12" 29'01-12" 29'11-12" 30'01-12" 30'05-12"
                          32'03-12" 32'07-12"
    5 G-16   Wall Girt       Z83514           EP-EP  34'07-08"   638.8   532.19
                     Web=  1'11-12"  2'03-12"  4'01-12"  4'05-12"  4'07-12"
                           5'05-12" 29'01-12" 29'11-12" 30'01-12" 30'05-12"
                          32'03-12" 32'07-12"
    2 G-17   Wall Girt       Z82512           EP-??  32'05-08"   301.9   224.66
                     Web=  1'11-12"  2'03-12"  4'01-12"  4'05-12"  5'05-12"
                          31'10-12" 32'02-12"
    5 G-18   Wall Girt       Z82514           EP-??  32'05-08"   524.2   418.47
                     Web=  1'11-12"  2'03-12"  4'01-12"  4'05-12"  5'05-12"
                          31'10-12" 32'02-12"
    6 G-19   Wall Girt       Z82514           EP-??  30'07-08"   593.5   473.80
                     Web=     5-12"  2'07-12"  3'07-12" 30'00-12" 30'04-12"
    1 G-20   Wall Girt       Z82516           EP-??  32'05-08"    84.7    71.96
                     Web=  1'11-12"  2'03-12"  4'01-12"  4'05-12"  5'05-12"
                          31'10-12" 32'02-12"
    1 G-21   Wall Girt       Z83514           EP-??  32'05-08"   119.8    99.78
                     Web=  1'11-12"  2'03-12"  4'01-12"  4'05-12"  5'05-12"
                          31'10-12" 32'02-12"
    7 G-22   Wall Girt       Z82512           ??-EP  33'05-08"  1089.1   810.51
                     Web=     2-12"     6-12" 26'11-12" 27'03-12" 27'11-12"
                          30'01-12" 30'05-12" 32'07-12"
   12 G-23   Wall Girt       Z82514           EP-EP  36'07-08"  1419.6  1133.26
                     Web=     9-12"  2'11-12"  3'03-12"  5'05-12"  6'01-12"
                           6'05-12" 30'01-12" 30'05-12" 31'01-12" 33'03-12"
                          33'07-12" 35'09-12"
    2 G-24   Wall Girt       Z82514           EP-EP  36'07-08"   236.6   188.88
                     Web=     9-12"  2'11-12"  3'03-12"  5'05-12"  6'01-12"
                           6'05-12" 11'01-12" 25'05-12" 30'01-12" 30'05-12"
                          31'01-12" 33'03-12" 33'07-12" 35'09-12"
   18 G-25   Wall Girt       Z82516           EP-EP  36'07-08"  1720.6  1461.43
                     Web=     9-12"  2'11-12"  3'03-12"  5'05-12"  6'01-12"
                           6'05-12" 30'01-12" 30'05-12" 31'01-12" 33'03-12"
                          33'07-12" 35'09-12"
    3 G-26   Wall Girt       Z82516           EP-EP  36'07-08"   286.8   243.58
                     Web=     9-12"  2'11-12"  3'03-12"  5'05-12"  6'01-12"
                           6'05-12" 11'01-12" 25'05-12" 30'01-12" 30'05-12"
                          31'01-12" 33'03-12" 33'07-12" 35'09-12"
    7 G-27   Wall Girt       Z82512           EP-??  33'05-08"  1089.1   810.51
                     Web=     9-12"  2'11-12"  3'03-12"  5'05-12"  6'01-12"
                           6'05-12" 32'10-12" 33'02-12"

    4 ST-1   Strut           P8X250                  29'06-13"  2704.8  5766.84
    4 ST-2   Strut           P6X188                  29'06-13"  1570.4  3343.12
    2 ST-3   Strut           P6X156                  29'06-13"   662.8  1408.22

-------------------------------------------------------------------------------
                                                     Total:    67947.1 59008.48


===============================================================================
 #9053 Precision Per 4.ROOF & WALL SHEETING:                    6/ 2/26 10:34am

                                                                 Total    Total
 Quan Mark   Description           Part    Clr Pitch    Length  Weight     Cost
===============================================================================
   71 RS-1   Roof Sheet            RLOC26   SO       41'07-04"  7807.1  9453.65
   71 RS-2   Roof Sheet            RLOC26   SO       41'07-00"  7803.2  9448.92
   71 RS-3   Roof Sheet            RLOC26   SO       37'00-00"  6943.2  8407.46
   71 RS-4   Roof Sheet            RLOC26   SO       42'06-00"  7975.3  9657.21

    1 ESL-1  L_EW Sheet            PLOC29   CB       30'02-00"    63.2    78.08
    1 ESL-2  L_EW Sheet            PLOC29   CB       30'04-00"    63.5    78.51
    1 ESL-3  L_EW Sheet            PLOC29   CB       30'06-00"    63.9    78.95
    1 ESL-4  L_EW Sheet            PLOC29   CB       30'09-00"    64.4    79.59
    1 ESL-5  L_EW Sheet            PLOC29   CB       30'11-00"    64.7    80.02
    1 ESL-6  L_EW Sheet            PLOC29   CB       31'01-00"    65.1    80.45
    1 ESL-7  L_EW Sheet            PLOC29   CB       31'03-00"    65.4    80.89
    1 ESL-8  L_EW Sheet            PLOC29   CB       31'06-00"    66.0    81.53
    1 ESL-9  L_EW Sheet            PLOC29   CB       31'08-00"    66.3    81.96
    1 ESL-10 L_EW Sheet            PLOC29   CB       31'10-00"    66.7    82.40
   29 ESL-11 L_EW Sheet            PLOC29   CB       25'01-00"  1523.2  1882.70
    1 ESL-12 L_EW Sheet            PLOC29   CB        2'11-00"     6.1     7.55
    1 ESL-13 L_EW Sheet            PLOC29   CB        3'02-00"     6.6     8.20
    1 ESL-14 L_EW Sheet            PLOC29   CB        3'04-00"     7.0     8.63
    1 ESL-15 L_EW Sheet            PLOC29   CB        3'06-00"     7.3     9.06
    1 ESL-16 L_EW Sheet            PLOC29   CB        3'08-00"     7.7     9.50
    1 ESL-17 L_EW Sheet            PLOC29   CB        3'11-00"     8.2    10.14
    1 ESL-18 L_EW Sheet            PLOC29   CB        4'01-00"     8.6    10.57
    1 ESL-19 L_EW Sheet            PLOC29   CB       33'04-00"    69.8    86.28
    1 ESL-20 L_EW Sheet            PLOC29   CB       33'06-00"    70.1    86.71
    1 ESL-21 L_EW Sheet            PLOC29   CB        4'08-00"     9.8    12.08
    1 ESL-22 L_EW Sheet            PLOC29   CB        4'10-00"    10.1    12.51
    1 ESL-23 L_EW Sheet            PLOC29   CB        5'00-00"    10.5    12.95
    1 ESL-24 L_EW Sheet            PLOC29   CB        5'02-00"    10.8    13.38
    1 ESL-25 L_EW Sheet            PLOC29   CB        5'05-00"    11.3    14.02
    1 ESL-26 L_EW Sheet            PLOC29   CB        5'07-00"    11.7    14.46
    1 ESL-27 L_EW Sheet            PLOC29   CB        5'09-00"    12.0    14.89
    3 ESL-28 L_EW Sheet            PLOC29   CB       18'08-00"   117.3   144.94
    1 ESL-29 L_EW Sheet            PLOC29   CB       16'07-00"    34.7    42.93
    2 ESL-30 L_EW Sheet            PLOC29   CB       16'10-00"    70.5    87.14
    1 ESL-31 L_EW Sheet            PLOC29   CB        6'04-00"    13.3    16.40
    1 ESL-32 L_EW Sheet            PLOC29   CB        6'06-00"    13.6    16.83
    1 ESL-33 L_EW Sheet            PLOC29   CB        6'08-00"    14.0    17.26
    1 ESL-34 L_EW Sheet            PLOC29   CB        6'11-00"    14.5    17.91
    1 ESL-35 L_EW Sheet            PLOC29   CB        7'01-00"    14.8    18.34
    1 ESL-36 L_EW Sheet            PLOC29   CB        7'03-00"    15.2    18.77
    1 ESL-37 L_EW Sheet            PLOC29   CB        7'05-00"    15.5    19.20
    1 ESL-38 L_EW Sheet            PLOC29   CB       18'04-00"    38.4    47.46
    1 ESL-39 L_EW Sheet            PLOC29   CB        7'10-00"    16.4    20.28
    1 ESL-40 L_EW Sheet            PLOC29   CB        8'00-00"    16.8    20.71
    1 ESL-41 L_EW Sheet            PLOC29   CB        8'02-00"    17.1    21.14
    1 ESL-42 L_EW Sheet            PLOC29   CB        8'05-00"    17.6    21.79
    1 ESL-43 L_EW Sheet            PLOC29   CB        8'07-00"    18.0    22.22
    1 ESL-44 L_EW Sheet            PLOC29   CB        8'09-00"    18.3    22.65
    1 ESL-45 L_EW Sheet            PLOC29   CB        9'00-00"    18.8    23.30
    1 ESL-46 L_EW Sheet            PLOC29   CB        9'02-00"    19.2    23.73
   10 ESL-47 L_EW Sheet            PLOC29   CB       22'05-00"   469.4   580.19
    1 ESL-48 L_EW Sheet            PLOC29   CB       16'03-00"    34.0    42.06
    1 ESL-49 L_EW Sheet            PLOC29   CB       16'05-00"    34.4    42.49
    1 ESL-50 L_EW Sheet            PLOC29   CB       16'08-00"    34.9    43.14
    1 ESL-51 L_EW Sheet            PLOC29   CB       17'00-00"    35.6    44.00
    1 ESL-52 L_EW Sheet            PLOC29   CB       17'02-00"    35.9    44.44
    1 ESL-53 L_EW Sheet            PLOC29   CB       17'05-00"    36.5    45.08
    1 ESL-54 L_EW Sheet            PLOC29   CB       17'07-00"    36.8    45.51
    1 ESL-55 L_EW Sheet            PLOC29   CB       17'09-00"    37.2    45.95
    1 ESL-56 L_EW Sheet            PLOC29   CB       17'11-00"    37.5    46.38
   10 ESR-1  R_EW Sheet            PLOC29   CB       22'05-00"   469.4   580.19
    1 ESR-2  R_EW Sheet            PLOC29   CB       17'11-00"    37.5    46.38
    1 ESR-3  R_EW Sheet            PLOC29   CB       17'09-00"    37.2    45.95
    1 ESR-4  R_EW Sheet            PLOC29   CB       17'07-00"    36.8    45.51
    1 ESR-5  R_EW Sheet            PLOC29   CB       17'05-00"    36.5    45.08
    1 ESR-6  R_EW Sheet            PLOC29   CB       17'02-00"    35.9    44.44
    1 ESR-7  R_EW Sheet            PLOC29   CB       17'00-00"    35.6    44.00
    2 ESR-8  R_EW Sheet            PLOC29   CB       16'10-00"    70.5    87.14
    1 ESR-9  R_EW Sheet            PLOC29   CB       16'08-00"    34.9    43.14
    1 ESR-10 R_EW Sheet            PLOC29   CB       16'05-00"    34.4    42.49
    1 ESR-11 R_EW Sheet            PLOC29   CB       16'03-00"    34.0    42.06
   29 ESR-12 R_EW Sheet            PLOC29   CB       25'01-00"  1523.2  1882.70
    1 ESR-13 R_EW Sheet            PLOC29   CB        9'02-00"    19.2    23.73
    1 ESR-14 R_EW Sheet            PLOC29   CB        9'00-00"    18.8    23.30
    1 ESR-15 R_EW Sheet            PLOC29   CB        8'09-00"    18.3    22.65
    1 ESR-16 R_EW Sheet            PLOC29   CB        8'07-00"    18.0    22.22
    1 ESR-17 R_EW Sheet            PLOC29   CB        8'05-00"    17.6    21.79
    1 ESR-18 R_EW Sheet            PLOC29   CB        8'02-00"    17.1    21.14
    1 ESR-19 R_EW Sheet            PLOC29   CB        8'00-00"    16.8    20.71
    1 ESR-20 R_EW Sheet            PLOC29   CB        7'10-00"    16.4    20.28
    3 ESR-21 R_EW Sheet            PLOC29   CB       18'08-00"   117.3   144.94
    1 ESR-22 R_EW Sheet            PLOC29   CB       18'04-00"    38.4    47.46
    1 ESR-23 R_EW Sheet            PLOC29   CB        7'05-00"    15.5    19.20
    1 ESR-24 R_EW Sheet            PLOC29   CB        7'03-00"    15.2    18.77
    1 ESR-25 R_EW Sheet            PLOC29   CB        7'01-00"    14.8    18.34
    1 ESR-26 R_EW Sheet            PLOC29   CB        6'11-00"    14.5    17.91
    1 ESR-27 R_EW Sheet            PLOC29   CB        6'08-00"    14.0    17.26
    1 ESR-28 R_EW Sheet            PLOC29   CB        6'06-00"    13.6    16.83
    1 ESR-29 R_EW Sheet            PLOC29   CB        6'04-00"    13.3    16.40
    1 ESR-30 R_EW Sheet            PLOC29   CB       16'07-00"    34.7    42.93
    1 ESR-31 R_EW Sheet            PLOC29   CB        5'09-00"    12.0    14.89
    1 ESR-32 R_EW Sheet            PLOC29   CB        5'07-00"    11.7    14.46
    1 ESR-33 R_EW Sheet            PLOC29   CB        5'05-00"    11.3    14.02
    1 ESR-34 R_EW Sheet            PLOC29   CB        5'02-00"    10.8    13.38
    1 ESR-35 R_EW Sheet            PLOC29   CB        5'00-00"    10.5    12.95
    1 ESR-36 R_EW Sheet            PLOC29   CB        4'10-00"    10.1    12.51
    1 ESR-37 R_EW Sheet            PLOC29   CB        4'08-00"     9.8    12.08
    1 ESR-38 R_EW Sheet            PLOC29   CB       33'06-00"    70.1    86.71
    1 ESR-39 R_EW Sheet            PLOC29   CB       33'04-00"    69.8    86.28
    1 ESR-40 R_EW Sheet            PLOC29   CB        4'01-00"     8.6    10.57
    1 ESR-41 R_EW Sheet            PLOC29   CB        3'11-00"     8.2    10.14
    1 ESR-42 R_EW Sheet            PLOC29   CB        3'08-00"     7.7     9.50
    1 ESR-43 R_EW Sheet            PLOC29   CB        3'06-00"     7.3     9.06
    1 ESR-44 R_EW Sheet            PLOC29   CB        3'04-00"     7.0     8.63
    1 ESR-45 R_EW Sheet            PLOC29   CB        3'02-00"     6.6     8.20
    1 ESR-46 R_EW Sheet            PLOC29   CB        2'11-00"     6.1     7.55
    1 ESR-47 R_EW Sheet            PLOC29   CB       31'10-00"    66.7    82.40
    1 ESR-48 R_EW Sheet            PLOC29   CB       31'08-00"    66.3    81.96
    1 ESR-49 R_EW Sheet            PLOC29   CB       31'06-00"    66.0    81.53
    1 ESR-50 R_EW Sheet            PLOC29   CB       31'03-00"    65.4    80.89
    1 ESR-51 R_EW Sheet            PLOC29   CB       31'01-00"    65.1    80.45
    1 ESR-52 R_EW Sheet            PLOC29   CB       30'11-00"    64.7    80.02
    1 ESR-53 R_EW Sheet            PLOC29   CB       30'09-00"    64.4    79.59
    1 ESR-54 R_EW Sheet            PLOC29   CB       30'06-00"    63.9    78.95
    1 ESR-55 R_EW Sheet            PLOC29   CB       30'04-00"    63.5    78.51
    1 ESR-56 R_EW Sheet            PLOC29   CB       30'02-00"    63.2    78.08

   35 SSF-1  F_SW Sheet            PLOC29   CB       23'08-00"  1734.5  2143.90
   35 SSF-2  F_SW Sheet            PLOC29   CB       16'08-00"  1221.5  1509.79
    1 SSF-3  F_SW Sheet            PLOC29   CB       30'01-00"    63.0    77.87
   36 SSF-4  F_SW Sheet            PLOC29   CB        4'00-00"   301.5   372.71
    7 SSF-5  F_SW Sheet            PLOC29   CB       13'01-00"   191.8   237.04
   35 SSF-6  F_SW Sheet            PLOC29   CB        7'00-00"   513.0   634.11
   28 SSF-7  F_SW Sheet            PLOC29   CB        3'00-00"   175.9   217.41
   54 SSB-1  B_SW Sheet            PLOC29   CB       30'00-00"  3392.3  4192.89
   17 SSB-2  B_SW Sheet            PLOC29   CB       11'11-00"   424.2   524.33

   71 RP-1   Roof Liner            CD29     T1       41'03-00"  6132.8  7580.20
   71 RP-2   Roof Liner            CD29     T1       41'07-00"  6182.4  7641.45
   71 RP-3   Roof Liner            CD29     T1       37'00-00"  5500.9  6799.21
   71 RP-4   Roof Liner            CD29     T1       42'04-00"  6293.9  7779.27

    1 EPL-1  L_EW Liner            PLOC29R  SO       29'09-00"    62.3    80.48
    1 EPL-2  L_EW Liner            PLOC29R  SO       29'11-00"    62.6    80.93
    1 EPL-3  L_EW Liner            PLOC29R  SO       30'01-00"    63.0    81.38
    1 EPL-4  L_EW Liner            PLOC29R  SO       30'04-00"    63.5    82.06
    1 EPL-5  L_EW Liner            PLOC29R  SO       30'06-00"    63.9    82.51
    1 EPL-6  L_EW Liner            PLOC29R  SO       30'08-00"    64.2    82.96
    1 EPL-7  L_EW Liner            PLOC29R  SO       30'10-00"    64.6    83.41
    1 EPL-8  L_EW Liner            PLOC29R  SO       31'01-00"    65.1    84.09
    1 EPL-9  L_EW Liner            PLOC29R  SO       31'03-00"    65.4    84.54
    1 EPL-10 L_EW Liner            PLOC29R  SO       31'05-00"    65.8    84.99
   29 EPL-11 L_EW Liner            PLOC29R  SO       25'00-00"  1518.2  1961.13
    1 EPL-12 L_EW Liner            PLOC29R  SO        2'07-00"     5.4     6.99
    1 EPL-13 L_EW Liner            PLOC29R  SO        2'10-00"     5.9     7.67
    1 EPL-14 L_EW Liner            PLOC29R  SO        3'00-00"     6.3     8.12
    1 EPL-15 L_EW Liner            PLOC29R  SO        3'02-00"     6.6     8.57
    1 EPL-16 L_EW Liner            PLOC29R  SO        3'04-00"     7.0     9.02
    1 EPL-17 L_EW Liner            PLOC29R  SO        3'07-00"     7.5     9.70
    1 EPL-18 L_EW Liner            PLOC29R  SO        3'09-00"     7.9    10.15
    1 EPL-19 L_EW Liner            PLOC29R  SO       32'11-00"    68.9    89.04
    1 EPL-20 L_EW Liner            PLOC29R  SO       33'01-00"    69.3    89.50
    1 EPL-21 L_EW Liner            PLOC29R  SO        4'04-00"     9.1    11.73
    1 EPL-22 L_EW Liner            PLOC29R  SO        4'06-00"     9.4    12.18
    1 EPL-23 L_EW Liner            PLOC29R  SO        4'08-00"     9.8    12.63
    1 EPL-24 L_EW Liner            PLOC29R  SO        4'10-00"    10.1    13.08
    1 EPL-25 L_EW Liner            PLOC29R  SO        5'01-00"    10.6    13.76
    1 EPL-26 L_EW Liner            PLOC29R  SO        5'03-00"    11.0    14.21
    1 EPL-27 L_EW Liner            PLOC29R  SO        5'05-00"    11.3    14.66
    1 EPL-28 L_EW Liner            PLOC29R  SO       34'07-00"    72.4    93.55
    1 EPL-29 L_EW Liner            PLOC29R  SO       34'10-00"    72.9    94.23
    1 EPL-30 L_EW Liner            PLOC29R  SO        6'00-00"    12.6    16.23
    1 EPL-31 L_EW Liner            PLOC29R  SO        6'02-00"    12.9    16.69
    1 EPL-32 L_EW Liner            PLOC29R  SO        6'04-00"    13.3    17.14
    1 EPL-33 L_EW Liner            PLOC29R  SO        6'07-00"    13.8    17.81
    1 EPL-34 L_EW Liner            PLOC29R  SO        6'09-00"    14.1    18.26
    1 EPL-35 L_EW Liner            PLOC29R  SO        6'11-00"    14.5    18.71
    1 EPL-36 L_EW Liner            PLOC29R  SO        7'01-00"    14.8    19.17
    1 EPL-37 L_EW Liner            PLOC29R  SO       18'10-00"    39.4    50.95
    1 EPL-38 L_EW Liner            PLOC29R  SO       18'00-00"    37.7    48.69
    1 EPL-39 L_EW Liner            PLOC29R  SO        7'06-00"    15.7    20.29
    1 EPL-40 L_EW Liner            PLOC29R  SO        7'08-00"    16.1    20.74
    1 EPL-41 L_EW Liner            PLOC29R  SO        7'10-00"    16.4    21.19
    1 EPL-42 L_EW Liner            PLOC29R  SO        8'01-00"    16.9    21.87
    1 EPL-43 L_EW Liner            PLOC29R  SO        8'03-00"    17.3    22.32
    1 EPL-44 L_EW Liner            PLOC29R  SO        8'05-00"    17.6    22.77
    1 EPL-45 L_EW Liner            PLOC29R  SO        8'08-00"    18.1    23.45
    1 EPL-46 L_EW Liner            PLOC29R  SO        8'10-00"    18.5    23.90
   10 EPL-47 L_EW Liner            PLOC29R  SO       22'07-00"   472.9   610.88
    1 EPL-48 L_EW Liner            PLOC29R  SO       15'11-00"    33.3    43.06
    1 EPL-49 L_EW Liner            PLOC29R  SO       16'01-00"    33.7    43.51
    1 EPL-50 L_EW Liner            PLOC29R  SO       16'04-00"    34.2    44.19
    1 EPL-51 L_EW Liner            PLOC29R  SO       16'06-00"    34.6    44.64
    1 EPL-52 L_EW Liner            PLOC29R  SO       16'08-00"    34.9    45.09
    1 EPL-53 L_EW Liner            PLOC29R  SO       16'10-00"    35.2    45.54
    1 EPL-54 L_EW Liner            PLOC29R  SO       17'01-00"    35.8    46.22
    1 EPL-55 L_EW Liner            PLOC29R  SO       17'03-00"    36.1    46.67
    1 EPL-56 L_EW Liner            PLOC29R  SO       17'05-00"    36.5    47.12
    1 EPL-57 L_EW Liner            PLOC29R  SO       17'07-00"    36.8    47.57
   10 EPR-1  R_EW Liner            PLOC29R  SO       22'07-00"   472.9   610.88
    1 EPR-2  R_EW Liner            PLOC29R  SO       17'07-00"    36.8    47.57
    1 EPR-3  R_EW Liner            PLOC29R  SO       17'05-00"    36.5    47.12
    1 EPR-4  R_EW Liner            PLOC29R  SO       17'03-00"    36.1    46.67
    1 EPR-5  R_EW Liner            PLOC29R  SO       17'01-00"    35.8    46.22
    1 EPR-6  R_EW Liner            PLOC29R  SO       16'10-00"    35.2    45.54
    1 EPR-7  R_EW Liner            PLOC29R  SO       16'08-00"    34.9    45.09
    1 EPR-8  R_EW Liner            PLOC29R  SO       16'06-00"    34.6    44.64
    1 EPR-9  R_EW Liner            PLOC29R  SO       16'04-00"    34.2    44.19
    1 EPR-10 R_EW Liner            PLOC29R  SO       16'01-00"    33.7    43.51
    1 EPR-11 R_EW Liner            PLOC29R  SO       15'11-00"    33.3    43.06
   29 EPR-12 R_EW Liner            PLOC29R  SO       25'00-00"  1518.2  1961.13
    1 EPR-13 R_EW Liner            PLOC29R  SO        8'10-00"    18.5    23.90
    1 EPR-14 R_EW Liner            PLOC29R  SO        8'08-00"    18.1    23.45
    1 EPR-15 R_EW Liner            PLOC29R  SO        8'05-00"    17.6    22.77
    1 EPR-16 R_EW Liner            PLOC29R  SO        8'03-00"    17.3    22.32
    1 EPR-17 R_EW Liner            PLOC29R  SO        8'01-00"    16.9    21.87
    1 EPR-18 R_EW Liner            PLOC29R  SO        7'10-00"    16.4    21.19
    1 EPR-19 R_EW Liner            PLOC29R  SO        7'08-00"    16.1    20.74
    1 EPR-20 R_EW Liner            PLOC29R  SO        7'06-00"    15.7    20.29
    1 EPR-21 R_EW Liner            PLOC29R  SO       18'10-00"    39.4    50.95
    1 EPR-22 R_EW Liner            PLOC29R  SO       18'00-00"    37.7    48.69
    1 EPR-23 R_EW Liner            PLOC29R  SO        7'01-00"    14.8    19.17
    1 EPR-24 R_EW Liner            PLOC29R  SO        6'11-00"    14.5    18.71
    1 EPR-25 R_EW Liner            PLOC29R  SO        6'09-00"    14.1    18.26
    1 EPR-26 R_EW Liner            PLOC29R  SO        6'07-00"    13.8    17.81
    1 EPR-27 R_EW Liner            PLOC29R  SO        6'04-00"    13.3    17.14
    1 EPR-28 R_EW Liner            PLOC29R  SO        6'02-00"    12.9    16.69
    1 EPR-29 R_EW Liner            PLOC29R  SO        6'00-00"    12.6    16.23
    1 EPR-30 R_EW Liner            PLOC29R  SO       34'10-00"    72.9    94.23
    1 EPR-31 R_EW Liner            PLOC29R  SO       34'07-00"    72.4    93.55
    1 EPR-32 R_EW Liner            PLOC29R  SO        5'05-00"    11.3    14.66
    1 EPR-33 R_EW Liner            PLOC29R  SO        5'03-00"    11.0    14.21
    1 EPR-34 R_EW Liner            PLOC29R  SO        5'01-00"    10.6    13.76
    1 EPR-35 R_EW Liner            PLOC29R  SO        4'10-00"    10.1    13.08
    1 EPR-36 R_EW Liner            PLOC29R  SO        4'08-00"     9.8    12.63
    1 EPR-37 R_EW Liner            PLOC29R  SO        4'06-00"     9.4    12.18
    1 EPR-38 R_EW Liner            PLOC29R  SO        4'04-00"     9.1    11.73
    1 EPR-39 R_EW Liner            PLOC29R  SO       33'01-00"    69.3    89.50
    1 EPR-40 R_EW Liner            PLOC29R  SO       32'11-00"    68.9    89.04
    1 EPR-41 R_EW Liner            PLOC29R  SO        3'09-00"     7.9    10.15
    1 EPR-42 R_EW Liner            PLOC29R  SO        3'07-00"     7.5     9.70
    1 EPR-43 R_EW Liner            PLOC29R  SO        3'04-00"     7.0     9.02
    1 EPR-44 R_EW Liner            PLOC29R  SO        3'02-00"     6.6     8.57
    1 EPR-45 R_EW Liner            PLOC29R  SO        3'00-00"     6.3     8.12
    1 EPR-46 R_EW Liner            PLOC29R  SO        2'10-00"     5.9     7.67
    1 EPR-47 R_EW Liner            PLOC29R  SO        2'07-00"     5.4     6.99
    1 EPR-48 R_EW Liner            PLOC29R  SO       31'05-00"    65.8    84.99
    1 EPR-49 R_EW Liner            PLOC29R  SO       31'03-00"    65.4    84.54
    1 EPR-50 R_EW Liner            PLOC29R  SO       31'01-00"    65.1    84.09
    1 EPR-51 R_EW Liner            PLOC29R  SO       30'10-00"    64.6    83.41
    1 EPR-52 R_EW Liner            PLOC29R  SO       30'08-00"    64.2    82.96
    1 EPR-53 R_EW Liner            PLOC29R  SO       30'06-00"    63.9    82.51
    1 EPR-54 R_EW Liner            PLOC29R  SO       30'04-00"    63.5    82.06
    1 EPR-55 R_EW Liner            PLOC29R  SO       30'01-00"    63.0    81.38
    1 EPR-56 R_EW Liner            PLOC29R  SO       29'11-00"    62.6    80.93
    1 EPR-57 R_EW Liner            PLOC29R  SO       29'09-00"    62.3    80.48

   35 SPF-1  F_SW Liner            PLOC29R  SO       23'10-00"  1746.7  2256.43
   35 SPF-2  F_SW Liner            PLOC29R  SO       16'06-00"  1209.3  1562.14
    1 SPF-3  F_SW Liner            PLOC29R  SO       30'00-00"    62.8    81.15
   36 SPF-4  F_SW Liner            PLOC29R  SO        3'10-00"   289.0   373.29
    7 SPF-5  F_SW Liner            PLOC29R  SO       13'00-00"   190.6   246.16
   35 SPF-6  F_SW Liner            PLOC29R  SO        7'00-00"   513.0   662.73
   28 SPF-7  F_SW Liner            PLOC29R  SO        3'00-00"   175.9   227.22
   54 SPB-1  B_SW Liner            PLOC29R  SO       29'09-00"  3364.0  4345.59
   17 SPB-2  B_SW Liner            PLOC29R  SO       11'09-00"   418.3   540.33


            Colors
            ------
              T1 - Need SMP 20 Year Color   
              CB - Polar SMP Life           
              SO - Galvalume Standard 25-yr 

-------------------------------------------------------------------------------
                                                     Total:    85486.2 105752.9


===============================================================================
 #9053 Precision Per 5.CONNECTION PLATES:                       6/ 2/26 10:34am

                                                                 Total    Total
 Quan Mark   Description Part     Dwg  Ang Thick  Width Length  Weight     Cost
===============================================================================
    4 b1     Grt-Jmb Plt CL-103   SP2   90 0.135  6-00"  9-08"     8.7    13.72
    2 c1     Hdr-Jmb Plt CL-100   SP3   90 0.135  6-00"  6-00"     2.7     4.33
    2 f1     Jmb-Bas Plt CL-104   SP6   90 0.135  6-00"  6-00"     3.0     4.71
  332 h1     Prl-Brc Plt                 0 0.188  9-14"  2-00"   348.6   585.65
               A= 1-00" B= 0-00" C= 5-00" D= 4-00"
               E= 1-00" F= 0-00" G= 0-00" H= 1-00"
    2 j1     Jmb-Grt Plt          SP10  90 0.188  5-12"  9-08"     5.8     9.75
               A= 0-14" B= 4-00" C= 0-14" D= 4-00"
               E= 2-00" F= 5-12"
    4 k1     Eav Plt     CL-18    SP11   0 0.188  3-08"  6-00"     4.5     7.08


            Colors
            ------
              RO - Red Oxide                

-------------------------------------------------------------------------------
                                                     Total:      373.3   625.24


===============================================================================
 #9053 Precision Per 6.ANGLES:                                  6/ 2/26 10:34am

                                                                 Total    Total
 Quan Mark   Description    Part    Clr Width Thick     Length  Weight     Cost
===============================================================================
   44 FB1A   EW Flg Brc     2X2X14Ga RO 2-00" 0.073   2'09-04"   120.6   156.06
   12 FB2C   RF Flg Brc     3X2X316  RO 3-00" 0.188   3'05-12"   128.2   358.85
   12 FB3C   RF Flg Brc     3X2X316  RO 3-00" 0.188   3'09-04"   139.0   389.09
   12 FB4C   RF Flg Brc     3X2X316  RO 3-00" 0.188   4'00-12"   149.6   419.00
   12 FB5C   RF Flg Brc     3X2X316  RO 3-00" 0.188   4'02-00"   153.5   429.75
   12 FB6C   RF Flg Brc     3X2X316  RO 3-00" 0.188   4'05-12"   165.0   462.00
   12 FB7C   RF Flg Brc     3X2X316  RO 3-00" 0.188   4'07-04"   169.6   474.77
   12 FB8C   RF Flg Brc     3X2X316  RO 3-00" 0.188   4'10-08"   179.6   503.00
   12 FB9C   RF Flg Brc     3X2X316  RO 3-00" 0.188   4'10-12"   180.4   505.01
   12 FB10C  RF Flg Brc     3X2X316  RO 3-00" 0.188   5'00-04"   184.9   517.78
   24 FB11C  RF Flg Brc     3X2X316  RO 3-00" 0.188   5'00-12"   373.0  1044.29
   12 FB12C  RF Flg Brc     3X2X316  RO 3-00" 0.188   5'01-04"   188.0   526.52
   24 FB13C  RF Flg Brc     3X2X316  RO 3-00" 0.188   5'01-08"   377.5  1057.06
   24 FB14C  RF Flg Brc     3X2X316  RO 3-00" 0.188   5'01-12"   379.2  1061.76
   12 FB15C  RF Flg Brc     3X2X316  RO 3-00" 0.188   5'02-00"   190.3   532.90
   24 FB16C  RF Flg Brc     3X2X316  RO 3-00" 0.188   5'02-08"   383.8  1074.53
   12 FB17C  RF Flg Brc     3X2X316  RO 3-00" 0.188   5'09-04"   212.6   595.40
   12 FB18C  RF Flg Brc     3X2X316  RO 3-00" 0.188   5'10-04"   215.6   603.80
   12 FB19C  RF Flg Brc     3X2X316  RO 3-00" 0.188   6'01-12"   226.4   634.04
   12 FB20C  RF Flg Brc     3X2X316  RO 3-00" 0.188   6'07-12"   244.8   685.44
   12 FB21C  RF Flg Brc     3X2X316  RO 3-00" 0.188   6'10-04"   252.5   706.96

   53 L4x2   L4x2x14g Angle B4214    RO       0.071  20'00-00"  1505.2  1213.92


            Colors
            ------
              RO - Red Oxide                

-------------------------------------------------------------------------------
                                                     Total:     6119.3 13951.93


===============================================================================
 #9053 Precision Per 7.TRIM:                                    6/ 2/26 10:34am

                                                                 Total    Total
 Quan Mark   Description    Part    Clr Pitch Thick     Length  Weight     Cost
===============================================================================
    1 HI6    Hi-Side Eave T HI6      SO   0.8 0.019  12'02-00"    15.9    45.83
   10 HI6    Hi-Side Eave T HI6      SO   0.8 0.019  20'04-00"   265.6   765.84
    1 LEA6   Long Trim      LEA6     SO   0.8 0.019  12'02-00"     7.3    20.99
   10 LEA6   Long Trim      LEA6     SO   0.8 0.019  20'04-00"   121.6   350.63
   16 RA6    Rake Trim      RA6      SO       0.019  18'02-00"   379.7  1094.77
    2 RA6    Rake Trim      RA6      SO       0.019  20'04-00"    53.1   153.17
    4 REND6  Rake Trim End  REND6    SO       0.019   1'00-00"     5.2    19.80
   23 HE6    Head Trim      HE6      SO       0.019  12'03-00"   106.4   294.07
   28 HE6    Head Trim      HE6      SO       0.019  14'03-00"   150.7   416.44
   54 WC6102 Drip Cap       WC6102   SO       0.019  10'02-00"   328.3   351.27
   26 JA6    Jamb Trim      JA6      SO       0.019   7'02-00"    70.4   194.48
   20 JA6102 Jamb Trim      JA6102   SO       0.019  10'02-00"    76.8   199.49
   10 JA6    Jamb Trim      JA6      SO       0.019  18'02-00"    68.6   189.61
    1 RLGU6  Standard Gutte RLGU6    SO   0.8 0.019  12'02-00"    15.7    45.83
   10 RLGU6  Standard Gutte RLGU6    SO   0.8 0.019  20'04-00"   262.2   765.84
    2 GEN6   Gutter End Cap GEN6     SO   0.8 0.019      0-08"     2.0     7.81
    2 OCB6   Outside Corner OCB6     SO   0.8 0.019     10-00"     2.0    53.02
  107 RLGS96 Gutter Strap   RLGS96   SO       0.019      9-00"   107.0   197.62
    8 DK6    Downspout(w/KO DK6      SO       0.019  14'02-00"   114.2   329.15
    8 DK6    Downspout(w/KO DK6      SO       0.019  16'02-00"   130.3   375.61
   24 DSS6   Downspout Stra DSS6     SO       0.019      4-00"    24.0    90.13
    8 DSLV6  Downspout Conn DSLVE6   SO       0.019      4-00"     8.0    26.50
    2 COR6   Rake & Corner  COR6     SO       0.019  12'02-00"    31.8    57.42
    6 COR6   Rake & Corner  COR6     SO       0.019  14'02-00"   111.0   200.57
    2 COR6   Rake & Corner  COR6     SO       0.019  16'02-00"    42.2    76.30


            Colors
            ------
              SO - Galvalume Standard 25-yr 

-------------------------------------------------------------------------------
                                                     Total:     2500.0  6322.19


===============================================================================
 #9053 Precision Per 8.DIAGONAL BRACING & SEALANT:              6/ 2/26 10:34am

                                    Clr/     Thick/              Total    Total
 Quan Mark   Description  Part       Dia     FabLen     Length  Weight     Cost
===============================================================================
    2 CB-1   EW Cable     CB0250   0.250  39'03-00"  39'03-00"     9.4    59.66
    2 CB-2   EW Cable     CB0250   0.250  38'01-00"  38'01-00"     9.2    57.88
    4 CB-3   EW Cable     CB0250   0.250  31'09-00"  31'09-00"    15.2    96.52
    2 CB-4   EW Cable     CB0250   0.250  32'05-00"  32'05-00"     7.8    49.28
    2 CB-5   EW Cable     CB0250   0.250  31'06-00"  31'06-00"     7.6    47.88
    2 CB-6   SW Rod@Base  RD0500   0.500  48'07-00"  48'01-00"    64.4   150.56
    2 CB-7   SW Rod       RD0500   0.500  49'02-00"  48'08-00"    65.0   151.92
    2 CB-8   SW Rod@Base  RD0500   0.500  41'00-00"  40'06-00"    54.2   126.90
    2 CB-9   SW Rod       RD0500   0.500  41'11-00"  41'05-00"    55.2   129.28
    4 CB-10  Roof Rod     RD1000   1.000  39'11-00"  39'03-00"   419.2   834.52
    3 CB-11  Roof Rod     RD0750   0.750  40'06-00"  40'00-00"   180.3   537.12
    6 CB-12  Roof Rod     RD0500   0.500  40'06-00"  40'00-00"   160.2   374.58
    4 CB-13  Roof Rod     RD0750   0.750  37'07-00"  37'01-00"   222.8   663.92
    3 CB-14  Roof Rod     RD1000   1.000  40'09-00"  40'01-00"   321.3   639.15
    1 CB-15  Roof Rod     RD0750   0.750  40'05-00"  39'11-00"    60.0   178.67
    2 CB-16  Roof Rod     RD0500   0.500  40'05-00"  39'11-00"    53.2   124.60
    1 CB-17  Roof Rod     RD1000   1.000  40'10-00"  40'02-00"   107.3   213.50

  12        Cbl Hardware CHW250         0.250                       1.2  345.00
  12        Cbl Hardware RHW500         0.500                       1.2    1.20
   8        Cbl Hardware RHW750         0.750                      0.80    0.80
   8        Cbl Hardware RHW1.0         1.000                      0.80    0.01

  146        RLoc Inside  RLCLINGL            1.250   3'00-00"     5.8   102.85
  325        7/8" Butyl T BTL                 0.094  45'00-00"   650.0  1713.53
   20        Metal Roof S MRS                 0.250  25'00-00"    17.0   600.00
   26        Grayflex Joi GFLEX115            1.500  13'00-00"    26.0   494.76

-------------------------------------------------------------------------------
                                                     Total:     2515.1  7694.09


===============================================================================
 #9053 Precision Per 9.ACCESSORIES:                             6/ 2/26 10:34am

                                       Width/                    Total    Total
 Quan Mark   Description      Part      Color Thick     Length  Weight     Cost
===============================================================================
    4 08X08d 08x08 Roll-Up Do 08083100     NC         8'00-00"   400.0     0.00

-------------------------------------------------------------------------------
                                                     Total:      400.0     0.00


===============================================================================
 #9053 Precision Per 10.FASTENERS:                              6/ 2/26 10:34am

                                        Type/                    Total    Total
  Quan Mark   Description      Part     Color   Dia     Length  Weight     Cost
===============================================================================
    29        Bolts            BN58114   A325 0.625      1-04"     7.9    40.60
  3850        Bolts            BN12100M  A307 0.500      1-00"   465.9  1694.00
    82        Bolts            BN58134   A325 0.625      1-12"    22.4   123.00
   150        Bolts            BN12100F  A307 0.500      1-00"    18.2    70.50
    75        Bolts            BN12114M  A307 0.500      1-04"     9.8    35.25
    50        Washers          FW12000        0.500                1.0    15.00
   159        Bolts            BN114300  A325 1.250      3-00"   246.5  2869.95
    73        Bolts            BN78234   A325 0.875      2-12"    49.6   310.25
    73        Bolts            BN58200   A325 0.625      2-00"    21.4   113.15
    86        Bolts            BN114350  A325 1.250      3-08"   137.6  1586.70
   350        Bolts            BN12100   A325 0.500      1-00"    45.9   262.50
    56        Anchor Bolt      AB100    F1554 1.000   1'06-00"   196.0  1895.60
    48        Anchor Bolt      AB114    F1554 1.250   2'00-00"   192.0     0.00
    16        Anchor Bolt      AB750     A307 0.750   1'00-00"    40.0   485.12
    41        Bolts            BN12134   A325 0.625      1-12"    0.04    39.36

   250        1/4-12x1/2 TEK   8X12LATH    GZ            1-04"     4.0     8.85
 10250        M/M SCREW #12    114MM       CB            1-04"   164.0   586.30
  8500        M/M SCREW #12    78LAP       SO            0-14"   136.0   470.90
 10000        M/M SCREW #12    114MM       SO            1-04"   160.0   572.00
   450        1/8" Pop Rivet   POP         SO            1-04"     1.4  3148.52
 15500        M/M SCREW #12    114MM       SO            1-04"   248.0   886.60
  9250        M/M SCREW #12    114MM       T1            1-04"   148.0   529.10
 12000        M/M SCREW #12    78LAP       T1            0-14"   192.0   664.80
   250        M/M SCREW #12    114MM       --            1-04"     4.0    14.30
  4750        M/M SCREW #12    78LAP       CB            0-14"    76.0   263.15


            Colors
            ------
              -- - K1,KA,KB,KC,KD,KE,KF,KG,K
              GZ - Galvanized               
              PL - Plated                   
              T1 - Need SMP 20 Year Color   
              CB - Polar SMP Life           
              SO - Galvalume Standard 25-yr 

-------------------------------------------------------------------------------
                                                     Total:     2587.4 16685.50


===============================================================================
 #9053 Precision Per  Summary Reports                           6/ 2/26 10:34am
===============================================================================






                             WEIGHT & COST SUMMARY
         --------------------------------------------------------------
         Page    Description                     Total Wt    Total Cost
         --------------------------------------------------------------
           1     Rigid Frames & Endwall Frames   129113.4     217918.38
           2     Door Jambs & Headers               146.3        122.98
           3     Purlins, Girts & Eave Struts     67947.1      59008.48
           4     Roof & Wall Sheeting             85486.2     105752.84
           5     Connection Plates                  373.3        625.24
           6     Angles                            6119.3      13951.93
           7     Trim                              2500.0       6322.19
           8     Diagonal Bracing & Sealant        2515.1       7694.09
           9     Accessories                        400.0          0.00
          10     Fasteners                         2587.4      16685.50
         --------------------------------------------------------------
                                     Totals:     297188.2     428081.63



    *WARNING: Cost could not be computed for the following parts!


                       Page     Quan       Part
                       ----    ------    --------
                         9         4     08083100
                        10        48     AB114   
