===============================================================================
 #9081 Twin Creek Ca 1.RIGID & ENDWALL FRAME MEMBERS:           6/ 5/26  7:40pm

                                                                 Total    Total
 Quan Mark   Description           Part     Punch       Length  Weight     Cost
===============================================================================
    9 RF1-1  RF Column                               22'07-01"  4319.1  7243.65
    9 RF1-2  RF Rafter                               28'00-11"  4848.3  8131.59
    9 RF1-3  RF Rafter                               18'08-04"  3426.3  5748.39
    7 RF1-4  RF Column                               21'04-00"  5737.9  9638.09
    2 RF1-5  RF Column                               21'04-00"  1628.6  2735.70

    2 WF-1   Wind Column           W14X38            20'10-00"  1666.0  3189.42

    1 EC-1   EW Column             W8X24             21'06-00"   530.9   986.33
    2 EC-2   EW Column             W8X18             20'03-01"   739.0  1458.22
    1 EC-3   EW Column             W8X24             21'06-00"   530.9   986.33
    2 ER-1   EW Rafter             W12X26            51'08-01"  2747.4  4671.30

-------------------------------------------------------------------------------
                                                     Total:    26174.4 44789.03


===============================================================================
 #9081 Twin Creek Ca 2.DOOR JAMBS & HEADERS:                    6/ 5/26  7:40pm

                                           Punch/                Total    Total
 Quan Mark   Description      Part          Color       Length  Weight     Cost
===============================================================================
-------------------------------------------------------------------------------
                                                     Total:       0.00     0.00


===============================================================================
 #9081 Twin Creek Ca 3.PURLINS, EAVE STRUTS, WALL GIRTS:        6/ 5/26  7:40pm

                                                                 Total    Total
 Quan Mark   Description     Part     Pitch   Punch     Length  Weight     Cost
===============================================================================
   12 P-1    Roof Purlin     Z82514           EP-??  25'01-08"   973.8   777.42
                     Web=     9-12"  2'11-12"  3'03-12"  4'10-05"  5'02-05"
                           5'05-12"  6'01-12"  9'10-10" 10'02-10" 14'10-14"
                          15'02-14" 19'11-03" 20'03-03" 22'04-12" 24'06-12"
                          24'10-12"
   12 P-2    Roof Purlin     Z82516           EP-EP  27'03-08"   854.8   726.01
                     Web=  1'11-12"  2'03-12"  4'01-12"  4'05-12"  6'07-14"
                           6'11-14" 13'05-12" 13'09-12" 20'03-10" 20'07-10"
                          21'01-12" 21'09-12" 23'11-12" 24'03-12" 26'05-12"
   72 P-3    Roof Purlin     Z82516           EP-EP  26'03-08"  4940.7  4196.41
                     Web=  1'11-12"  2'03-12"  4'01-12"  4'05-12"  6'04-14"
                           6'08-14" 12'11-12" 13'03-12" 19'06-10" 19'10-10"
                          21'09-12" 22'01-12" 23'11-12" 24'03-12"
   12 P-4    Roof Purlin     Z82516           EP-EP  27'03-08"   854.8   726.01
                     Web=     9-12"  2'11-12"  3'03-12"  5'05-12"  6'01-12"
                           6'07-14"  6'11-14" 13'05-12" 13'09-12" 20'03-10"
                          20'07-10" 22'09-12" 23'01-12" 24'11-12" 25'03-12"
   12 P-5    Roof Purlin     Z82514           ??-EP  25'01-08"   973.8   777.42
                     Web=     2-12"     6-12"  2'08-12"  4'10-05"  5'02-05"
                           9'10-10" 10'02-10" 14'10-14" 15'02-14" 18'11-12"
                          19'07-12" 19'11-03" 20'03-03" 21'09-12" 22'01-12"
                          24'03-12"
    1 E-1    Eave Strut      08534DU0  0.30  ES5-??  21'11-08"    86.1    68.81
                    IFlg= 21'05-08" 21'08-00"
    8 E-2    Eave Strut      08534DU0  0.30 ES5-ES5  21'11-08"   688.6   550.46
    1 E-3    Eave Strut      08534DU0  0.30  ??-ES5  21'11-08"    86.1    68.81
                    IFlg=     3-08"     6-00"
    1 E-4    Eave Strut      08534DD0 -0.30  ES5-??  21'11-08"    86.1    68.81
                    IFlg= 21'05-08" 21'08-00"
    8 E-5    Eave Strut      08534DD0 -0.30 ES5-ES5  21'11-08"   688.6   550.46
    1 E-6    Eave Strut      08534DD0 -0.30  ??-ES5  21'11-08"    86.1    68.81
                    IFlg=     3-08"     6-00"

    1 G-1    Wall Girt       Z82514           ??-EP  22'03-08"    72.0    57.48
                     Web=     2-12"     6-12" 19'07-12" 21'09-12"
    1 G-2    Wall Girt       Z82516           ??-EP  24'01-08"    63.0    53.49
                     Web=     2-12"     6-12" 19'07-12" 19'11-12" 21'09-12"
                          22'01-12"
    2 G-3    Wall Girt       Z82514           ??-EP  24'01-08"   155.8   124.42
                     Web=     2-12"     6-12" 19'07-12" 19'11-12" 21'09-12"
                          22'01-12"
   24 G-4    Wall Girt       Z82516           EP-EP  26'03-08"  1646.9  1398.81
                     Web=  1'11-12"  2'03-12"  4'01-12"  4'05-12" 21'09-12"
                          22'01-12" 23'11-12" 24'03-12"
    1 G-5    Wall Girt       Z82514           EP-??  22'03-08"    72.0    57.48
                     Web=     5-12"  2'07-12" 21'08-12" 22'00-12"
    1 G-6    Wall Girt       Z82516           EP-??  24'01-08"    63.0    53.49
                     Web=  1'11-12"  2'03-12"  4'01-12"  4'05-12" 23'06-12"
                          23'10-12"
    2 G-7    Wall Girt       Z82514           EP-??  24'01-08"   155.8   124.42
                     Web=  1'11-12"  2'03-12"  4'01-12"  4'05-12" 23'06-12"
                          23'10-12"

-------------------------------------------------------------------------------
                                                     Total:    12548.0 10449.02


===============================================================================
 #9081 Twin Creek Ca 4.ROOF & WALL SHEETING:                    6/ 5/26  7:40pm

                                                                 Total    Total
 Quan Mark   Description           Part    Clr Pitch    Length  Weight     Cost
===============================================================================
   74 RS-1   Roof Sheet            RLOC26   SO       25'05-08"  4979.2  6029.29
   74 RS-2   Roof Sheet            RLOC26   SO       27'00-00"  5280.7  6394.40

   74 SSB-1  B_SW Sheet            RLOC26   CB       23'04-00"  4563.6  5526.03


            Colors
            ------
              CB - Polar SMP Life           
              SO - Galvalume Standard 25-yr 

-------------------------------------------------------------------------------
                                                     Total:    14823.5 17949.72


===============================================================================
 #9081 Twin Creek Ca 5.CONNECTION PLATES:                       6/ 5/26  7:40pm

                                                                 Total    Total
 Quan Mark   Description Part     Dwg  Ang Thick  Width Length  Weight     Cost
===============================================================================
   13 k1     Eav Plt     CL-18    SP11   0 0.188  3-08"  6-00"    14.6    23.01


            Colors
            ------
              RO - Red Oxide                

-------------------------------------------------------------------------------
                                                     Total:       14.6    23.01


===============================================================================
 #9081 Twin Creek Ca 6.ANGLES:                                  6/ 5/26  7:40pm

                                                                 Total    Total
 Quan Mark   Description    Part    Clr Width Thick     Length  Weight     Cost
===============================================================================
    9 FB1A   RF Flg Brc     2X2X14Ga RO 2-00" 0.073   2'11-00"    26.0    33.60
   12 FB2A   EW Flg Brc     2X2X14Ga RO 2-00" 0.073   2'11-04"    34.9    45.12
    9 FB3A   RF Flg Brc     2X2X14Ga RO 2-00" 0.073   3'00-08"    27.1    35.04
   36 FB4A   RF Flg Brc     2X2X14Ga RO 2-00" 0.073   3'00-12"   109.1   141.12
    9 FB5A   RF Flg Brc     2X2X14Ga RO 2-00" 0.073   3'01-12"    28.0    36.24
    9 FB6A   RF Flg Brc     2X2X14Ga RO 2-00" 0.073   3'05-00"    30.4    39.36

   23 L4x2   L4x2x14g Angle B4214    RO       0.071  20'00-00"   653.2   526.80
   12 BANDS4 PURLIN STRAPPI BANDS4W           0.024 300'00-00"  1320.0  3162.42


            Colors
            ------
              RO - Red Oxide                

-------------------------------------------------------------------------------
                                                     Total:     2228.7  4019.70


===============================================================================
 #9081 Twin Creek Ca 7.TRIM:                                    6/ 5/26  7:40pm

                                                                 Total    Total
 Quan Mark   Description    Part    Clr Pitch Thick     Length  Weight     Cost
===============================================================================
   11 HI6    Hi-Side Eave T HI6      SO   0.3 0.019  20'04-00"   292.2   842.42
   11 LEA6   Long Trim      LEA6     SO   0.3 0.019  20'04-00"   133.8   385.70
   12 RA6    Rake Trim      RA6      SO       0.019  18'02-00"   284.8   821.08
    8 REND6  Rake Trim End  REND6    SO       0.019   1'00-00"    10.4    39.60
   12 OA6786 Outside Angle  OA678610 CB   0.3 0.019  10'02-00"    54.0   163.93
   11 RLGU6  Standard Gutte RLGU6    SO   0.3 0.019  20'04-00"   288.4   842.42
    2 GEN6   Gutter End Cap GEN6     SO   0.3 0.019      0-08"     2.0     7.81
    2 OCB6   Outside Corner OCB6     SO   0.3 0.019     10-00"     2.0    53.02
  110 RLGS96 Gutter Strap   RLGS96   SO       0.019      9-00"   110.0   203.16
   11 DK6102 Downspout(w/KO DK6102   SO       0.019  10'02-00"   112.6   305.30
   11 DK6    Downspout(w/KO DK6      SO       0.019  12'02-00"   134.8   388.68
   33 DSS6   Downspout Stra DSS6     SO       0.019      4-00"    33.0   123.93
   11 DSLV6  Downspout Conn DSLVE6   SO       0.019      4-00"    11.0    36.44
    4 HR6    Outside Corner HR6      SO       0.019  12'02-00"    40.6   121.54


            Colors
            ------
              CB - Polar SMP Life           
              SO - Galvalume Standard 25-yr 

-------------------------------------------------------------------------------
                                                     Total:     1509.6  4335.03


===============================================================================
 #9081 Twin Creek Ca 8.DIAGONAL BRACING & SEALANT:              6/ 5/26  7:40pm

                                    Clr/     Thick/              Total    Total
 Quan Mark   Description  Part       Dia     FabLen     Length  Weight     Cost
===============================================================================
    4 CB-1   SW Cable     CB0375   0.375  31'02-00"  31'02-00"    33.6   168.32
    4 CB-2   Roof Cable   CB0250   0.250  54'02-00"  54'02-00"    26.0   164.68

   4        Cbl Hardware CHW250         0.250                      0.40  115.00
   4        Cbl Hardware CHW375         0.375                      0.40  234.00

  152        RLoc Inside  RLCLINGL            1.250   3'00-00"     6.1   107.07
  125        7/8" Butyl T BTL                 0.094  45'00-00"   250.0   659.05
   76        RLoc-Out Clo RLCLOUTG            1.250   3'00-00"     3.0    53.54
   11        Metal Roof S MRS                 0.250  25'00-00"     9.4   330.00
   17        Grayflex Joi GFLEX115            1.500  13'00-00"    17.0   323.50

-------------------------------------------------------------------------------
                                                     Total:      345.9  2155.16


===============================================================================
 #9081 Twin Creek Ca 9.ACCESSORIES:                             6/ 5/26  7:40pm

                                       Width/                    Total    Total
 Quan Mark   Description      Part      Color Thick     Length  Weight     Cost
===============================================================================
-------------------------------------------------------------------------------
                                                     Total:       0.00     0.00


===============================================================================
 #9081 Twin Creek Ca 10.FASTENERS:                              6/ 5/26  7:40pm

                                        Type/                    Total    Total
  Quan Mark   Description      Part     Color   Dia     Length  Weight     Cost
===============================================================================
     8        Bolts            BN58114   A325 0.625      1-04"     2.2    11.20
  1150        Bolts            BN12100M  A307 0.500      1-00"   139.2   506.00
    50        Bolts            BN12100F  A307 0.500      1-00"     6.1    23.50
   100        Bolts            BN12114M  A307 0.500      1-04"    13.1    47.00
    92        Bolts            BN58134   A325 0.625      1-12"    25.1   138.00
    73        Bolts            BN58200   A325 0.625      2-00"    21.4   113.15
    73        Bolts            BN34200   A325 0.750      2-00"    42.3   189.80
    20        Bolts            BN58112   A325 0.625      1-08"    10.4    28.00
    52        Anchor Bolt      AB750    F1554 0.750   1'03-00"   130.0  1576.64
    36        Anchor Bolt      AB114    F1554 1.250   2'00-00"   144.0     0.00

  7750        1/4-12x1/2 TEK   8X12LATH    GZ            1-04"   124.0   274.35
  3500        M/M SCREW #12    78LAP       SO            0-14"    56.0   193.90
  4750        M/M SCREW #12    114MM       SO            1-04"    76.0   271.70
  1250        M/M SCREW #12    114MM       CB            1-04"    20.0    71.50
   300        1/8" Pop Rivet   POP         SO            1-04"    0.90  2099.01
  1250        M/M SCREW #12    78LAP       CB            0-14"    20.0    69.25


            Colors
            ------
              -- - K1,KA,KB,KC,KD,KE,KF,KG,K
              GZ - Galvanized               
              PL - Plated                   
              CB - Polar SMP Life           
              SO - Galvalume Standard 25-yr 

-------------------------------------------------------------------------------
                                                     Total:      830.6  5613.00


===============================================================================
 #9081 Twin Creek Ca  Summary Reports                           6/ 5/26  7:40pm
===============================================================================






                             WEIGHT & COST SUMMARY
         --------------------------------------------------------------
         Page    Description                     Total Wt    Total Cost
         --------------------------------------------------------------
           1     Rigid Frames & Endwall Frames    26174.4      44789.03
           2     Door Jambs & Headers                0.00          0.00
           3     Purlins, Girts & Eave Struts     12548.0      10449.02
           4     Roof & Wall Sheeting             14823.5      17949.72
           5     Connection Plates                   14.6         23.01
           6     Angles                            2228.7       4019.70
           7     Trim                              1509.6       4335.03
           8     Diagonal Bracing & Sealant         345.9       2155.16
           9     Accessories                         0.00          0.00
          10     Fasteners                          830.6       5613.00
         --------------------------------------------------------------
                                     Totals:      58475.3      89333.66



    *WARNING: Cost could not be computed for the following parts!


                       Page     Quan       Part
                       ----    ------    --------
                        10        36     AB114   
