===============================================================================
 #9113 Coverlay Manu 1.RIGID & ENDWALL FRAME MEMBERS:           6/ 5/26  3:57pm

                                                                 Total    Total
 Quan Mark   Description           Part     Punch       Length  Weight     Cost
===============================================================================
    1 RF1-1  RF Column                               15'04-07"   832.9  1398.52
    1 RF1-2  RF Rafter                               21'08-06"   873.5  1466.42
    1 RF1-3  RF Rafter                               40'02-12"   895.8  1502.48
    1 RF1-4  RF Rafter                               40'02-12"   895.8  1502.48
    1 RF1-5  RF Rafter                               21'08-06"   873.5  1466.42
    1 RF1-6  RF Column                               15'04-07"   806.1  1353.04
    9 RF2-1  RF Column                               15'04-06"  4635.9  7783.65
    9 RF2-2  RF Rafter                               36'09-02"  6010.2 10078.65
    9 RF2-3  RF Rafter                               26'04-15"  4529.7  7597.62
    9 RF2-4  RF Rafter                               23'04-15"  4047.3  6787.44
    9 RF2-5  RF Rafter                               40'02-09"  6559.2 11001.24
    9 RF2-6  RF Column                               15'04-07"  3385.8  5684.76
    9 RF2-7  RF Int Col            W8X18             18'04-02"  3127.5  5465.25
    9 RF2-8  RF Int Col            W8X18             18'03-06"  3116.7  5464.98
    1 RF3-1  RF Column                               15'04-07"   827.9  1390.62
    2 RF3-2  RF Rafter                               21'08-06"  1736.0  2914.36
    1 RF3-3  RF Rafter                               40'02-12"   895.8  1502.48
    1 RF3-4  RF Rafter                               40'02-12"   895.8  1502.48
    1 RF3-5  RF Column                               15'04-07"   798.1  1340.40


    1 EC-1   EW Column             W8X10             17'05-13"   214.4   386.83
    1 EC-2   EW Column             W8X10             17'08-06"   216.5   386.83
    1 EC-3   EW Column             W8X10             17'08-06"   190.9   343.69
    1 EC-4   EW Column             W8X10             17'05-13"   195.2   354.48

-------------------------------------------------------------------------------
                                                     Total:    46560.5 78675.11


===============================================================================
 #9113 Coverlay Manu 2.DOOR JAMBS & HEADERS:                    6/ 5/26  3:57pm

                                           Punch/                Total    Total
 Quan Mark   Description      Part          Color       Length  Weight     Cost
===============================================================================
    6 DJ-1   Door Jamb        C83516       EP -EP     6'11-12"   124.9   103.99
                    Web Hole : Dia= 0-09"
                     Loc=  1'04-04"  3'02-04"  3'08-04"  5'08-04"
   12 DJ-2   Door Jamb        C83516       EP -EP     6'11-12"   249.8   207.97
    1 DJ-3   Door Jamb        C83516       EP -??    18'10-04"    56.2    46.82
                    Web Hole : Dia= 0-09"
                     Loc=  7'01-04"
                    Web Hole : Dia= 0-11"
                     Loc= 18'08-08"
    1 DJ-4   Door Jamb        C83516       EP -??    19'01-04"    56.9    47.44
                    Web Hole : Dia= 0-09"
                     Loc=  7'01-04"
                    Web Hole : Dia= 0-11"
                     Loc= 18'11-08"
    2 DJ-5   Door Jamb        C83516       EP -EP     6'11-12"    41.6    34.67
                    Web Hole : Dia= 0-09"
                     Loc=  3'06-04"
    2 DJ-6   Door Jamb        C83516       EP -EP    11'02-12"    66.9    55.77
                    Web Hole : Dia= 0-09"
                     Loc=  3'06-04"  7'02-04" 10'01-04"

    1 DH-1   Door Header      C82516       EP -EP     2'11-08"     7.7     6.56
    1 DH-2   Door Header      C82516       EP -EP     7'11-08"    20.8    17.65

-------------------------------------------------------------------------------
                                                     Total:      624.8   520.87


===============================================================================
 #9113 Coverlay Manu 3.PURLINS, EAVE STRUTS, WALL GIRTS:        6/ 5/26  3:57pm

                                                                 Total    Total
 Quan Mark   Description     Part     Pitch   Punch     Length  Weight     Cost
===============================================================================
   30 P-1    Roof Purlin     Z82514           EP-EP  28'01-08"  2725.3  2175.61
                     Web=     5-12"  2'07-12"  5'05-08"  5'09-08" 11'01-00"
                          11'05-00" 16'08-08" 17'00-08" 21'11-12" 22'04-00"
                          22'07-12" 22'08-00" 24'09-12" 25'01-12" 27'03-12"
   60 P-2    Roof Purlin     Z82514           EP-EP  30'03-08"  5870.5  4686.43
                     Web=     9-12"  2'11-12"  3'03-12"  5'05-12"  6'01-12"
                           7'04-14"  7'08-14" 14'11-12" 15'03-12" 22'06-10"
                          22'10-10" 24'01-12" 24'09-12" 26'11-12" 27'03-12"
                          29'05-12"
  150 P-3    Roof Purlin     Z82516           EP-EP  30'03-08" 11859.2 10072.59
                     Web=     9-12"  2'11-12"  3'03-12"  5'05-12"  6'01-12"
                           7'04-14"  7'08-14" 14'11-12" 15'03-12" 22'06-10"
                          22'10-10" 24'01-12" 24'09-12" 26'11-12" 27'03-12"
                          29'05-12"
   30 P-4    Roof Purlin     Z82516           EP-EP  29'02-00"  2283.7  1939.70
                     Web=     9-12"  2'11-12"  3'03-12"  5'05-12"  6'01-12"
                           7'01-08"  7'05-08" 14'05-00" 14'09-00" 21'08-08"
                          22'00-08" 23'00-04" 23'08-04" 25'10-04" 26'02-04"
                          28'04-04"
   30 P-5    Roof Purlin     Z82514           EP-EP  28'01-08"  2725.3  2175.61
                     Web=     9-12"  2'11-12"  3'03-12"  5'05-08"  5'05-12"
                           5'09-08"  6'01-12" 11'01-00" 11'05-00" 16'08-08"
                          17'00-08" 22'04-00" 22'08-00" 25'05-12" 27'07-12"
    2 E-1    Eave Strut      08534DU1  1.00  ES5-??  24'11-08"   195.7   156.42
                    IFlg= 24'06-08" 24'09-00"
   14 E-2    Eave Strut      08534DU1  1.00 ES5-ES5  23'11-08"  1314.8  1051.03
    2 E-3    Eave Strut      08534DU1  1.00 ES5-ES5  22'10-00"   179.0   143.10
    2 E-4    Eave Strut      08534DU1  1.00  ??-ES5  24'11-08"   195.7   156.42
                    IFlg=     2-08"     5-00"

    1 G-1    Wall Girt       Z82516           EP-EP  46'06-02"   121.4   103.12
    1 G-2    Wall Girt       Z82516           EP-EP  46'01-08"   120.4   102.25
    1 G-3    Wall Girt       Z82516           EP-EP  46'00-04"   120.1   102.02
    1 G-4    Wall Girt       Z82516           EP-EP  45'07-02"   119.0   101.08
    1 G-5    Wall Girt       Z83512           EP-EP  45'03-05"   240.9   179.16
    1 G-6    Wall Girt       Z83512           EP-EP  44'10-14"   238.9   177.69
    1 G-7    Wall Girt       Z83512           EP-EP  44'09-09"   238.3   177.27
    2 G-8    Wall Girt       Z83512           EP-EP  44'04-08"   472.1   351.18
    1 G-9    Wall Girt       Z83512           EP-EP  39'05-12"   210.0   156.23
    1 G-10   Wall Girt       Z82516           EP-EP  30'06-08"    79.7    67.71
    1 G-11   Wall Girt       Z82516           EP-EP  23'11-08"    62.5    53.11
    8 G-12   Wall Girt       Z82512           EP-EP  29'10-00"  1109.8   825.93
    2 G-13   Wall Girt       Z82514           EP-EP  29'10-00"   192.7   153.86
    1 G-14   Wall Girt       Z83512           EP-EP  49'06-04"   263.5   195.97
    1 G-15   Wall Girt       Z83512           EP-EP  49'01-10"   261.4   194.43
    1 G-16   Wall Girt       Z83512           EP-EP  49'00-06"   260.8   194.02
    1 G-17   Wall Girt       Z83512           EP-EP  48'07-04"   258.6   192.34
    1 G-18   Wall Girt       Z83512           EP-EP  48'03-07"   256.9   191.07
    1 G-19   Wall Girt       Z83512           EP-EP  47'11-00"   254.9   189.61
    1 G-20   Wall Girt       Z83512           EP-EP  47'09-11"   254.3   189.18
    1 G-21   Wall Girt       Z83512           EP-EP  47'04-10"   252.1   187.50
    1 G-22   Wall Girt       Z83512           EP-EP  42'05-12"   226.0   168.10
    1 G-23   Wall Girt       Z83512           EP-EP  33'06-08"   178.4   132.73
    1 G-24   Wall Girt       Z82516           EP-EP  26'08-04"    69.7    59.17
    1 G-25   Wall Girt       Z83512           EP-EP  29'10-00"   158.7   118.06
    1 G-26   Wall Girt       Z82512           EP-EP  46'00-10"   214.1   159.38
    1 G-27   Wall Girt       Z82512           EP-EP  45'03-05"   210.5   156.68
    1 G-28   Wall Girt       Z82514           EP-EP  26'01-08"    84.4    67.37
                     Web=     5-12"  2'07-12" 22'07-12" 23'11-12" 24'09-12"
                          25'01-12"
    1 G-29   Wall Girt       Z82516           EP-EP  26'01-08"    68.2    57.92
                     Web=     5-12"  2'07-12" 22'07-12" 23'11-12" 24'09-12"
                          25'01-12"
    2 G-30   Wall Girt       Z82514           EP-EP  26'03-08"   169.8   135.59
                     Web=    11-12"  1'03-12"  2'01-12"  3'05-12" 22'09-12"
                          24'01-12" 24'11-12" 25'03-12"
   12 G-31   Wall Girt       Z82516           EP-EP  26'03-08"   823.5   699.41
                     Web=    11-12"  1'03-12"  2'01-12"  3'05-12" 22'09-12"
                          24'01-12" 24'11-12" 25'03-12"
    2 G-32   Wall Girt       Z82516           EP-EP  25'02-00"   131.4   111.58
                     Web=    11-12"  1'03-12"  2'01-12"  3'05-12" 21'08-04"
                          23'00-04" 23'10-04" 24'02-04"
    1 G-33   Wall Girt       Z82514           EP-EP  26'01-08"    84.4    67.37
                     Web=    11-12"  1'03-12"  2'01-12"  3'05-12" 23'05-12"
                          25'07-12"
    1 G-34   Wall Girt       Z82516           EP-EP  26'01-08"    68.2    57.92
                     Web=    11-12"  1'03-12"  2'01-12"  3'05-12" 23'05-12"
                          25'07-12"
    2 G-35   Wall Girt       Z82512           EP-EP  24'07-08"   229.0   170.44
                     Web=     5-12" 24'01-12"
    2 G-36   Wall Girt       Z82512           EP-EP  23'06-00"   218.6   162.65
                     Web=     5-12" 23'00-04"
    1 G-37   Wall Girt       Z82514           EP-EP  27'05-08"    88.7    70.81
                     Web=     5-12" 21'03-12" 24'01-12" 24'05-12"
    1 G-38   Wall Girt       Z82516           EP-EP  27'05-08"    71.7    60.87
                     Web=     5-12" 21'03-12" 24'01-12" 24'05-12"
    2 G-39   Wall Girt       Z82516           EP-EP  27'05-08"   143.3   121.74
                     Web=  2'11-12"  3'03-12"  6'01-12" 26'11-12"

-------------------------------------------------------------------------------
                                                     Total:    35976.1 29219.43


===============================================================================
 #9113 Coverlay Manu 4.ROOF & WALL SHEETING:                    6/ 5/26  3:57pm

                                                                 Total    Total
 Quan Mark   Description           Part    Clr Pitch    Length  Weight     Cost
===============================================================================
  162 RS-1   Roof Sheet            RLOC26   SO       35'02-12" 15083.9 18265.09
  162 RS-2   Roof Sheet            RLOC26   SO       31'01-08" 13326.7 16137.22

    2 ESL-1  L_EW Sheet            RLOC26   CB       16'02-00"    85.5   103.48
    2 ESL-2  L_EW Sheet            RLOC26   CB       16'05-00"    86.8   105.08
    2 ESL-3  L_EW Sheet            RLOC26   CB       16'08-00"    88.1   106.68
    2 ESL-4  L_EW Sheet            RLOC26   CB       16'11-00"    89.4   108.29
    2 ESL-5  L_EW Sheet            RLOC26   CB       17'02-00"    90.7   109.89
    2 ESL-6  L_EW Sheet            RLOC26   CB       17'05-00"    92.1   111.49
    2 ESL-7  L_EW Sheet            RLOC26   CB       17'08-00"    93.4   113.09
    2 ESL-8  L_EW Sheet            RLOC26   CB       17'11-00"    94.7   114.69
    2 ESL-9  L_EW Sheet            RLOC26   CB       18'02-00"    96.0   116.29
    2 ESL-10 L_EW Sheet            RLOC26   CB       18'05-00"    97.4   117.89
    2 ESL-11 L_EW Sheet            RLOC26   CB       18'08-00"    98.7   119.49
    2 ESL-12 L_EW Sheet            RLOC26   CB       18'11-00"   100.0   121.09
    2 ESL-13 L_EW Sheet            RLOC26   CB       19'02-00"   101.3   122.69
    2 ESL-14 L_EW Sheet            RLOC26   CB       19'05-00"   102.6   124.29
    2 ESL-15 L_EW Sheet            RLOC26   CB       19'08-00"   104.0   125.89
    2 ESL-16 L_EW Sheet            RLOC26   CB       19'11-00"   105.3   127.49
    2 ESL-17 L_EW Sheet            RLOC26   CB       20'02-00"   106.6   129.09
    2 ESL-18 L_EW Sheet            RLOC26   CB       20'05-00"   107.9   130.69
    2 ESL-19 L_EW Sheet            RLOC26   CB       20'08-00"   109.2   132.29
    2 ESL-20 L_EW Sheet            RLOC26   CB       20'11-00"   110.6   133.89
    2 ESL-21 L_EW Sheet            RLOC26   CB       21'02-00"   111.9   135.49
    2 ESL-22 L_EW Sheet            RLOC26   CB       21'05-00"   113.2   137.09
    2 ESR-1  R_EW Sheet            RLOC26   CB       20'05-00"   107.9   130.69
    2 ESR-2  R_EW Sheet            RLOC26   CB       20'08-00"   109.2   132.29
    2 ESR-3  R_EW Sheet            RLOC26   CB       20'11-00"   110.6   133.89
    2 ESR-4  R_EW Sheet            RLOC26   CB       21'02-00"   111.9   135.49
    2 ESR-5  R_EW Sheet            RLOC26   CB       21'05-00"   113.2   137.09
    1 ESR-6  R_EW Sheet            RLOC26   CB       20'02-00"    53.3    64.55
    1 ESR-7  R_EW Sheet            RLOC26   CB       19'11-00"    52.6    63.75
    1 ESR-8  R_EW Sheet            RLOC26   CB       19'08-00"    52.0    62.95
    1 ESR-9  R_EW Sheet            RLOC26   CB       19'05-00"    51.3    62.15
    1 ESR-10 R_EW Sheet            RLOC26   CB       19'02-00"    50.7    61.35
    1 ESR-11 R_EW Sheet            RLOC26   CB       18'11-00"    50.0    60.55
    1 ESR-12 R_EW Sheet            RLOC26   CB       18'08-00"    49.3    59.75
    1 ESR-13 R_EW Sheet            RLOC26   CB       18'05-00"    48.7    58.95
    1 ESR-14 R_EW Sheet            RLOC26   CB       18'02-00"    48.0    58.15
    1 ESR-15 R_EW Sheet            RLOC26   CB       17'11-00"    47.4    57.35
    1 ESR-16 R_EW Sheet            RLOC26   CB       17'08-00"    46.7    56.55
    1 ESR-17 R_EW Sheet            RLOC26   CB       17'05-00"    46.0    55.75
    1 ESR-18 R_EW Sheet            RLOC26   CB       17'02-00"    45.4    54.95
    1 ESR-19 R_EW Sheet            RLOC26   CB       16'11-00"    44.7    54.15
    1 ESR-20 R_EW Sheet            RLOC26   CB       16'08-00"    44.1    53.34
    1 ESR-21 R_EW Sheet            RLOC26   CB       16'05-00"    43.4    52.54
    1 ESR-22 R_EW Sheet            RLOC26   CB       16'02-00"    42.7    51.74

   81 SSF-1  F_SW Sheet            RLOC26   CB       16'00-00"  3425.3  4147.72
   34 SSB-1  B_SW Sheet            RLOC26   CB       16'00-00"  1437.8  1741.02


            Colors
            ------
              CB - Polar SMP Life           
              SO - Galvalume Standard 25-yr 

-------------------------------------------------------------------------------
                                                     Total:    36828.1 44595.38


===============================================================================
 #9113 Coverlay Manu 5.CONNECTION PLATES:                       6/ 5/26  3:57pm

                                                                 Total    Total
 Quan Mark   Description Part     Dwg  Ang Thick  Width Length  Weight     Cost
===============================================================================
   30 b1     Grt-Jmb Plt CL-103   SP2   90 0.135  6-00"  9-08"    65.1   102.86
    4 c1     Hdr-Jmb Plt CL-100   SP3   90 0.135  6-00"  6-00"     5.5     8.66
   24 f1     Jmb-Bas Plt CL-104   SP6   90 0.135  6-00"  6-00"    35.8    56.51
   22 j1     Jmb-Grt Plt          SP10  90 0.188  5-12"  9-08"    63.8   107.19
               A= 0-14" B= 4-00" C= 0-14" D= 4-00"
               E= 2-00" F= 5-12"


            Colors
            ------
              RO - Red Oxide                

-------------------------------------------------------------------------------
                                                     Total:      170.1   275.22


===============================================================================
 #9113 Coverlay Manu 6.ANGLES:                                  6/ 5/26  3:57pm

                                                                 Total    Total
 Quan Mark   Description    Part    Clr Width Thick     Length  Weight     Cost
===============================================================================
   54 FB1A   RF Flg Brc     2X2X14Ga RO 2-00" 0.073   3'00-00"   160.4   207.36
    9 FB2A   RF Flg Brc     2X2X14Ga RO 2-00" 0.073   3'00-04"    26.9    34.80
    9 FB3A   RF Flg Brc     2X2X14Ga RO 2-00" 0.073   3'00-08"    27.1    35.04
   54 FB4A   RF Flg Brc     2X2X14Ga RO 2-00" 0.073   3'00-12"   163.6   211.68
   18 FB5A   RF Flg Brc     2X2X14Ga RO 2-00" 0.073   3'01-00"    54.9    71.04
    9 FB6A   RF Flg Brc     2X2X14Ga RO 2-00" 0.073   3'01-08"    27.8    36.00
    9 FB7A   RF Flg Brc     2X2X14Ga RO 2-00" 0.073   3'02-04"    28.4    36.72
    9 FB8A   RF Flg Brc     2X2X14Ga RO 2-00" 0.073   3'02-08"    28.6    36.96
    4 FB9B   RF Flg Brc     2X2X1/8  RO 2-00" 0.125   3'02-12"    21.3    59.70
    4 FB10B  RF Flg Brc     2X2X1/8  RO 2-00" 0.125   3'03-08"    21.7    60.82
    4 FB11B  RF Flg Brc     2X2X1/8  RO 2-00" 0.125   3'04-04"    22.1    61.94
    8 FB12B  RF Flg Brc     2X2X1/8  RO 2-00" 0.125   3'04-12"    44.8   125.44
    9 FB13A  RF Flg Brc     2X2X14Ga RO 2-00" 0.073   3'05-00"    30.4    39.36
    4 FB14B  RF Flg Brc     2X2X1/8  RO 2-00" 0.125   3'05-08"    22.8    63.96
    4 FB15B  RF Flg Brc     2X2X1/8  RO 2-00" 0.125   3'05-12"    23.0    64.29
    2 FB16B  RF Flg Brc     2X2X1/8  RO 2-00" 0.125   3'10-04"    12.7    35.62
    4 FB17B  RF Flg Brc     2X2X1/8  RO 2-00" 0.125   3'11-04"    26.0    72.80
    4 FB18B  RF Flg Brc     2X2X1/8  RO 2-00" 0.125   4'03-00"    28.0    78.52
    4 FB19B  RF Flg Brc     2X2X1/8  RO 2-00" 0.125   4'06-12"    30.1    84.34

   50 L4x2   L4x2x14g Angle B4214    RO       0.071  20'00-00"  1420.0  1145.20
    4 FILL   L4x2x14g Angle B4214    RO       0.071  20'00-00"   113.6    91.62
   30 BANDS4 PURLIN STRAPPI BANDS4W           0.024 300'00-00"  3300.0  7906.03


            Colors
            ------
              RO - Red Oxide                

-------------------------------------------------------------------------------
                                                     Total:     5634.4 10559.24


===============================================================================
 #9113 Coverlay Manu 7.TRIM:                                    6/ 5/26  3:57pm

                                                                 Total    Total
 Quan Mark   Description    Part    Clr Pitch Thick     Length  Weight     Cost
===============================================================================
   24 LEA6   Long Trim      LEA6     SO   1.0 0.019  20'04-00"   291.8   841.51
    4 RA6    Rake Trim      RA6      SO       0.019  14'02-00"    74.0   213.43
   15 RA6    Rake Trim      RA6      SO       0.019  18'02-00"   355.9  1026.35
    6 REND6  Rake Trim End  REND6    SO       0.019   1'00-00"     7.8    29.70
    2 PBOXF6 Peak Box       PBOXF6   SO   1.0 0.019   1'00-00"     2.6    47.61
    6 OA6786 Outside Angle  OA678610 CB   1.0 0.019  10'02-00"    27.0    81.97
   10 HE6    Head Trim      HE6      SO       0.019   3'06-00"    13.2    36.53
    1 HE6    Head Trim      HE6      SO       0.019   6'03-00"     2.4     6.53
    1 HE6    Head Trim      HE6      SO       0.019   8'03-00"     3.1     8.62
   21 JA6    Jamb Trim      JA6      SO       0.019   7'02-00"    56.8   157.08
    2 JA6102 Jamb Trim      JA6102   SO       0.019  10'02-00"     7.7    19.95
   24 RLGU6  Standard Gutte RLGU6    SO   1.0 0.019  20'04-00"   629.3  1838.01
    4 GEN6   Gutter End Cap GEN6     SO   1.0 0.019      0-08"     4.0    15.62
    4 OCB6   Outside Corner OCB6     SO   1.0 0.019     10-00"     4.0   106.04
  241 RLGS96 Gutter Strap   RLGS96   SO       0.019      9-00"   241.0   445.11
   22 DK6    Downspout(w/KO DK6      SO       0.019  16'02-00"   358.2  1032.93
   66 DSS6   Downspout Stra DSS6     SO       0.019      4-00"    66.0   247.86
    1 OU6    Outside Corner OU6      SO       0.019  16'02-00"    13.5    38.89
    3 HR6    Outside Corner HR6      SO       0.019  16'02-00"    40.5   121.12
   81 RLFRC3 Formed Ridge C RLFRC366 SO   1.0 0.019   3'00-00"   635.8  1223.75


            Colors
            ------
              CB - Polar SMP Life           
              SO - Galvalume Standard 25-yr 

-------------------------------------------------------------------------------
                                                     Total:     2834.7  7538.61


===============================================================================
 #9113 Coverlay Manu 8.DIAGONAL BRACING & SEALANT:              6/ 5/26  3:57pm

                                    Clr/     Thick/              Total    Total
 Quan Mark   Description  Part       Dia     FabLen     Length  Weight     Cost
===============================================================================
    6 CB-1   SW Cable     CB0250   0.250  28'04-00"  28'04-00"    20.4   129.18
    2 CB-2   SW Cable     CB0250   0.250  27'05-00"  27'05-00"     6.6    41.68
    4 CB-3   SW Cable     CB0250   0.250  31'00-00"  31'00-00"    14.8    94.24
    4 CB-4   SW Cable     CB0250   0.250  31'02-00"  31'02-00"    14.8    94.76
    4 CB-5   Roof Cable   CB0250   0.250  53'06-00"  53'06-00"    25.6   162.64
    4 CB-6   Roof Cable   CB0250   0.250  38'06-00"  38'06-00"    18.4   117.04
    4 CB-7   Roof Cable   CB0250   0.250  56'02-00"  56'02-00"    26.8   170.76

  28        Cbl Hardware CHW250         0.250                       2.8  805.00

  166        RLoc Inside  RLCLINGL            1.250   3'00-00"     6.6   116.94
  310        7/8" Butyl T BTL                 0.094  45'00-00"   620.0  1634.45
   50        Metal Roof S MRS                 0.250  25'00-00"    42.5  1500.00
   26        Grayflex Joi GFLEX115            1.500  13'00-00"    26.0   494.76

-------------------------------------------------------------------------------
                                                     Total:      825.3  5361.45


===============================================================================
 #9113 Coverlay Manu 9.ACCESSORIES:                             6/ 5/26  3:57pm

                                       Width/                    Total    Total
 Quan Mark   Description      Part      Color Thick     Length  Weight     Cost
===============================================================================
-------------------------------------------------------------------------------
                                                     Total:       0.00     0.00


===============================================================================
 #9113 Coverlay Manu 10.FASTENERS:                              6/ 5/26  3:57pm

                                        Type/                    Total    Total
  Quan Mark   Description      Part     Color   Dia     Length  Weight     Cost
===============================================================================
    12        Bolts            BN58114   A325 0.625      1-04"     3.3    16.80
   150        Bolts            BN12100F  A307 0.500      1-00"    18.2    70.50
  2775        Bolts            BN12100M  A307 0.500      1-00"   335.8  1221.00
   100        Bolts            BN12114M  A307 0.500      1-04"    13.1    47.00
    49        Bolts            BN34212   A325 0.750      2-08"    31.9   134.75
   145        Bolts            BN58200   A325 0.625      2-00"    42.5   224.75
   294        Bolts            BN58134   A325 0.625      1-12"    80.3   441.00
    73        Bolts            BN34214   A325 0.750      2-04"    45.3   197.10
   160        Anchor Bolt      AB750    F1554 0.750   1'03-00"   400.0  4851.21
    16        Anchor Bolt      AB100    F1554 1.000   1'06-00"    56.0   541.60

  4000        M/M SCREW #12    114MM       CB            1-04"    64.0   228.80
  8750        M/M SCREW #12    78LAP       SO            0-14"   140.0   484.75
 17500        1/4-12x1/2 TEK   8X12LATH    GZ            1-04"   280.0   619.50
 10500        M/M SCREW #12    114MM       SO            1-04"   168.0   600.60
   500        1/8" Pop Rivet   POP         SO            1-04"     1.5  3498.35
  2000        M/M SCREW #12    78LAP       CB            0-14"    32.0   110.80


            Colors
            ------
              -- - K1,KA,KB,KC,KD,KE,KF,KG,K
              GZ - Galvanized               
              PL - Plated                   
              CB - Polar SMP Life           
              SO - Galvalume Standard 25-yr 

-------------------------------------------------------------------------------
                                                     Total:     1711.7 13288.51


===============================================================================
 #9113 Coverlay Manu  Summary Reports                           6/ 5/26  3:57pm
===============================================================================






                             WEIGHT & COST SUMMARY
         --------------------------------------------------------------
         Page    Description                     Total Wt    Total Cost
         --------------------------------------------------------------
           1     Rigid Frames & Endwall Frames    46560.5      78675.11
           2     Door Jambs & Headers               624.8        520.87
           3     Purlins, Girts & Eave Struts     35976.1      29219.43
           4     Roof & Wall Sheeting             36828.1      44595.38
           5     Connection Plates                  170.1        275.22
           6     Angles                            5634.4      10559.24
           7     Trim                              2834.7       7538.61
           8     Diagonal Bracing & Sealant         825.3       5361.45
           9     Accessories                         0.00          0.00
          10     Fasteners                         1711.7      13288.51
         --------------------------------------------------------------
                                     Totals:     131165.8     190033.81
