===============================================================================
 Dave                1.RIGID & ENDWALL FRAME MEMBERS:           5/15/26  2:33pm

                                                                 Total    Total
 Quan Mark   Description           Part     Punch       Length  Weight     Cost
===============================================================================
    4 RF1-1  RF Column                               11'11-09"   902.0  1514.60
    4 RF1-2  RF Rafter                               16'11-07"  1058.0  1773.92
    4 RF1-3  RF Rafter                               16'11-04"  1145.6  1921.20
    1 RF1-4  RF Column                               11'11-08"   324.3   544.44
    3 RF1-5  RF Column                               11'11-08"   978.3  1642.39

    1 WF-1   Wind Column           W8X13             11'04-00"   163.1   339.89
    4 EB-1   Ext Beam              U82516             4'11-02"    51.6    43.72
    2 EB-2   Ext Beam              W8X10              1'08-00"    41.8   180.44
    8 EB-3   Ext Beam              W8X10              1'05-15"   174.4   734.40
    2 EB-4   Ext Beam              W8X10              1'08-00"    41.8   180.44

    1 EC-1   EW Column             W8X10             10'11-01"   131.2   277.46
    1 EC-2   EW Column             W8X10             10'11-01"   129.0   273.74
    1 EC-3   EW Column             W8X10             10'11-03"   137.7   288.12
    1 EC-4   EW Column             W8X10             10'11-03"   137.7   288.12
    1 ER-1   EW Rafter             W12X22            18'06-06"   437.2   754.38
    1 ER-2   EW Rafter             W12X22            18'06-06"   437.2   754.38
    2 ER-3   EW Rafter             W12X19            18'06-06"   755.6  1302.98

-------------------------------------------------------------------------------
                                                     Total:     7046.5 12814.62


===============================================================================
 Dave                2.DOOR JAMBS & HEADERS:                    5/15/26  2:33pm

                                           Punch/                Total    Total
 Quan Mark   Description      Part          Color       Length  Weight     Cost
===============================================================================
    4 DJ-1   Door Jamb        C83516       EP -EP    11'09-00"   140.1   116.72
                    Web Hole : Dia= 0-09"
                     Loc=  3'02-04"  9'05-04"
    4 DJ-2   Door Jamb        C83516       EP -EP    11'09-00"   140.1   116.72
                    Web Hole : Dia= 0-09"
                     Loc=  3'02-04"  3'06-04"  7'02-04"  9'05-04"
    2 DJ-3   Door Jamb        C83516       EP -EP    11'09-00"    70.1    58.36
                    Web Hole : Dia= 0-09"
                     Loc=  3'02-04"  7'02-04"  9'05-04"

    4 DH-1   Door Header      C82516       EP -EP     3'11-08"    41.4    35.10
    1 DH-2   Door Header      C82516       EP -EP    11'11-08"    31.2    26.51

    4 DS-1   Door Sill        C82516       EP -EP     3'11-08"    41.4    35.10
    1 DS-2   Door Sill        C82516       EP -EP    11'11-08"    31.2    26.51

-------------------------------------------------------------------------------
                                                     Total:      495.5   415.02


===============================================================================
 Dave                3.PURLINS, EAVE STRUTS, WALL GIRTS:        5/15/26  2:33pm

                                                                 Total    Total
 Quan Mark   Description     Part     Pitch   Punch     Length  Weight     Cost
===============================================================================
    4 P-1    Roof Purlin     Z82514           ??-EP  28'07-08"   369.8   295.24
                     Web=  1'04-12"  1'08-12"  3'10-12"  5'06-11"  5'10-11"
                          11'03-06" 11'07-06" 17'00-02" 17'04-02" 22'05-12"
                          22'08-13" 23'00-13" 23'01-12" 25'03-12" 25'07-12"
                          27'09-12"
   16 P-2    Roof Purlin     Z82514           EP-EP  34'03-08"  1772.2  1414.74
                     Web=     9-12"  2'11-12"  3'03-12"  5'05-12"  6'01-12"
                           6'08-05"  7'00-05" 13'06-10" 13'10-10" 20'04-14"
                          20'08-14" 27'03-03" 27'07-03" 28'01-12" 28'09-12"
                          30'11-12" 31'03-12" 33'05-12"
    8 P-3    Roof Purlin     Z82514           EP-EP  36'03-08"   937.8   748.63
                     Web=     9-12"  2'11-12"  3'03-12"  5'05-12"  6'01-12"
                           7'01-02"  7'05-02" 14'04-03" 14'08-03" 21'07-05"
                          21'11-05" 28'10-06" 29'02-06" 30'01-12" 30'09-12"
                          32'11-12" 33'03-12" 35'05-12"
    4 P-4    Roof Purlin     Z82514           EP-??  24'03-08"   313.8   250.55
                     Web=     9-12"  2'11-12"  3'03-12"  5'05-12"  5'10-14"
                           6'01-12"  6'02-14" 11'11-12" 12'03-12" 18'00-10"
                          18'04-10" 20'04-12" 22'06-12" 22'10-12"
    4 P-5    Roof Purlin     Z82514           EP-??  28'07-08"   369.8   295.24
                     Web=     9-12"  2'11-12"  3'03-12"  5'05-12"  5'06-11"
                           5'10-11"  6'01-12" 11'03-06" 11'07-06" 17'00-02"
                          17'04-02" 22'08-13" 23'00-13" 24'08-12" 26'10-12"
                          27'02-12"
    4 P-6    Roof Purlin     Z82514           ??-EP  24'03-08"   313.8   250.55
                     Web=  1'04-12"  1'08-12"  3'10-12"  5'10-14"  6'02-14"
                          11'11-12" 12'03-12" 18'00-10" 18'01-12" 18'04-10"
                          18'09-12" 20'11-12" 21'03-12" 23'05-12"
    2 E-1    Eave Strut      08534DU3  3.00   ??-??  23'03-00"   182.3   145.71
                     Web=     1-00" 23'02-00"
    4 E-2    Eave Strut      08532DU3  3.00   ??-??  27'04-00"   617.7   459.80
                     Web=     1-00" 27'03-00"
    2 E-3    Eave Strut      08532DU3  3.00   ??-??  29'04-00"   331.5   246.72
                     Web=     1-00" 29'03-00"
    2 E-4    Eave Strut      08534DU3  3.00   ??-??  18'11-00"   148.3   118.56
                     Web=     1-00" 18'10-00"
    1 E-5    Eave Strut      08534DU2 -3.00   ??-??  25'05-10"    99.8    79.81
                     Web=  1'08-12" 25'04-10"
    4 E-6    Eave Strut      08534DU2 -3.00   ??-??  27'11-12"   438.7   350.70
                     Web=     1-00" 27'10-12"
    2 E-7    Eave Strut      08534DU2 -3.00   ??-??  29'11-12"   235.0   187.88
                     Web=     1-00" 29'10-12"
    1 E-8    Eave Strut      08534DU2 -3.00   ??-??  21'01-10"    82.9    66.23
                     Web=     1-00" 19'04-14"
    1 E-9    Eave Strut      08534DU2 -3.00   ??-??  21'01-10"    82.9    66.23
                     Web=  1'08-12" 21'00-10"
    1 E-10   Eave Strut      08534DU2 -3.00   ??-??  25'05-10"    99.8    79.81
                     Web=     1-00" 23'08-14"
    4 E-11   Eave Strut      08534DU3  3.00   ??-??   1'02-12"    19.3    15.41
                     Web=     1-00"  1'01-12"

   18 G-1    Wall Girt       Z83512           EP-EP  33'04-00"  3192.0  2374.26
    1 G-2    Wall Girt       Z83512           EP-EP  32'06-10"   173.2   128.82
    1 G-3    Wall Girt       Z82516           EP-EP  22'06-03"    58.8    49.92
    1 G-4    Wall Girt       Z82516           EP-EP  12'05-12"    32.6    27.67
    1 G-5    Wall Girt       Z83512           EP-EP  26'09-03"   142.4   105.92
    1 G-6    Wall Girt       Z82516           EP-EP  18'01-03"    47.2    40.13
    2 G-7    Wall Girt       Z82516           EP-EP  28'07-08"   149.4   126.92
                     Web=     5-12" 28'01-12"
    1 G-8    Wall Girt       Z82514           EP-EP  28'07-08"    92.5    73.81
                     Web=     5-12" 28'01-12"
    1 G-9    Wall Girt       Z82512           EP-??  24'07-08"   114.5    85.22
                     Web=     5-12" 24'00-12" 24'04-12"

-------------------------------------------------------------------------------
                                                     Total:    10418.1  8084.48


===============================================================================
 Dave                4.ROOF & WALL SHEETING:                    5/15/26  2:33pm

                                                                 Total    Total
 Quan Mark   Description           Part    Clr Pitch    Length  Weight     Cost
===============================================================================
   90 RS-1   Roof Sheet            RLOC26   CQ       19'01-04"  4544.3  5502.69

    2 ESL-1  L_EW Sheet            RLOC26   M        13'05-00"    70.9    65.79
    2 ESL-2  L_EW Sheet            RLOC26   M        14'02-00"    74.9    69.47
    2 ESL-3  L_EW Sheet            RLOC26   M        14'11-00"    78.8    73.14
    2 ESL-4  L_EW Sheet            RLOC26   M        15'08-00"    82.8    76.82
    2 ESL-5  L_EW Sheet            RLOC26   M        16'05-00"    86.8    80.50
    2 ESL-6  L_EW Sheet            RLOC26   M        17'02-00"    90.7    84.18
    2 ESR-1  R_EW Sheet            RLOC26   M        13'05-00"    70.9    65.79
    2 ESR-2  R_EW Sheet            RLOC26   M        14'02-00"    74.9    69.47
    2 ESR-3  R_EW Sheet            RLOC26   M        14'11-00"    78.8    73.14
    2 ESR-4  R_EW Sheet            RLOC26   M        15'08-00"    82.8    76.82
    2 ESR-5  R_EW Sheet            RLOC26   M        16'05-00"    86.8    80.50
    2 ESR-6  R_EW Sheet            RLOC26   M        17'02-00"    90.7    84.18

   10 SSF-1  F_SW Sheet            RLOC26   M        12'06-00"   330.4   306.45
   19 SSB-1  B_SW Sheet            RLOC26   M        12'06-00"   627.7   582.26

    4 SF-1   Soffit                RLOC26   CQ       18'09-12"   198.9   240.84
   88 SF-2   Soffit                RLOC26   CQ           1-12"    33.9    41.08


            Colors
            ------
              M  - Galvalume Plus 25-yr     
              CQ - Gallery SMP Life         

-------------------------------------------------------------------------------
                                                     Total:     6705.2  7573.12


===============================================================================
 Dave                5.CONNECTION PLATES:                       5/15/26  2:33pm

                                                                 Total    Total
 Quan Mark   Description Part     Dwg  Ang Thick  Width Length  Weight     Cost
===============================================================================
    5 b1     Raf-Grt Plt          SP2  -14 0.188  5-14" 11-12"    18.4    30.83
               A= 2-12" B= 2-04" C= 0-14" D= 4-00"
               E= 5-00" F= 5-00"
    5 b2     Raf-Grt Plt          SP2   14 0.188  5-14" 11-12"    18.4    30.83
               A= 2-12" B= 2-04" C= 0-14" D= 4-00"
               E= 5-00" F= 5-00"
   10 b3     Grt-Jmb Plt CL-103   SP2   90 0.135  6-00"  9-08"    21.7    34.29
   10 c1     Hdr-Jmb Plt CL-100   SP3   90 0.135  6-00"  6-00"    13.7    21.65
   10 c2     Sill-Jmb Pl CL-100   SP3   90 0.135  6-00"  6-00"    13.7    21.65
    5 e1     Jmb-Eav Plt          SP5  -90 0.188  6-03"  7-02"    11.8    19.83
               A= 2-00" B= 2-00" C= 1-07" D= 3-14"
               E= 2-00" F= 2-07" G= 1-00"
    5 e2     Jmb-Eav Plt          SP5   90 0.188  6-03"  7-02"    11.8    19.83
               A= 2-00" B= 2-00" C= 1-07" D= 3-14"
               E= 2-00" F= 2-07" G= 1-00"
   10 f1     Jmb-Bas Plt CL-104   SP6   90 0.135  6-00"  6-00"    14.9    23.55


            Colors
            ------
              RO - Red Oxide                

-------------------------------------------------------------------------------
                                                     Total:      124.3   202.46


===============================================================================
 Dave                6.ANGLES:                                  5/15/26  2:33pm

                                                                 Total    Total
 Quan Mark   Description    Part    Clr Width Thick     Length  Weight     Cost
===============================================================================
    8 FB1A   RF Flg Brc     2X2X14Ga RO 2-00" 0.073   2'10-12"    23.0    29.66
    8 FB2A   RF Flg Brc     2X2X14Ga RO 2-00" 0.073   2'11-00"    23.1    29.87
    2 FB3A   EW Flg Brc     2X2X14Ga RO 2-00" 0.073   2'11-00"     5.8     7.47
    2 FB4A   EW Flg Brc     2X2X14Ga RO 2-00" 0.073   2'11-04"     5.8     7.52
    8 FB5A   RF Flg Brc     2X2X14Ga RO 2-00" 0.073   3'00-04"    23.9    30.94

    4 U8x25  Gable Channel  U82516   RO   3.0 0.071  18'11-13"   198.2   168.34
   18 L4x2   L4x2x14g Angle B4214    RO   3.0 0.071  20'00-00"   450.0   412.28
   10 L4x2   L4x2x14g Angle B4214    RO       0.071  20'00-00"   284.0   229.04
    5 BANDS4 PURLIN STRAPPI BANDS4W           0.024 300'00-00"   550.0  1317.68


            Colors
            ------
              RO - Red Oxide                

-------------------------------------------------------------------------------
                                                     Total:     1563.8  2232.80


===============================================================================
 Dave                7.TRIM:                                    5/15/26  2:33pm

                                                                 Total    Total
 Quan Mark   Description    Part    Clr Pitch Thick     Length  Weight     Cost
===============================================================================
    2 LEA6   Long Trim      LEA6     SO   3.0 0.019  14'02-00"    16.9    48.86
   12 LEA6   Long Trim      LEA6     SO   3.0 0.019  20'04-00"   145.9   420.76
    4 RA6102 Rake Trim      RA6102   SO       0.019  10'02-00"    53.1   143.98
    4 RA6    Rake Trim      RA6      SO       0.019  12'02-00"    63.6   183.30
    4 REND6  Rake Trim End  REND6    SO       0.019   1'00-00"     5.2    19.80
    2 PBOXF6 Peak Box       PBOXF6   SO   3.0 0.019   1'00-00"     2.6    47.61
    8 HE6    Head Trim      HE6      SO       0.019   6'03-00"    18.9    52.19
    2 HE6    Head Trim      HE6      SO       0.019  12'03-00"     9.3    25.58
    8 JA6    Jamb Trim      JA6      SO       0.019   7'02-00"    21.7    59.84
   36 HE6102 J Trim         HE6102   CQ       0.019  10'02-00"    97.5   359.08
   36 OA6786 Outside Angle  OA678610 CQ   3.0 0.019  10'02-00"   162.0   491.78
    1 INRCP6 Sidewall Trim  INRCP610 CQ       0.019  10'02-00"     5.8    10.41
    2 RLGU6  Standard Gutte RLGU6    SO   3.0 0.019  14'02-00"    36.5   106.72
   12 RLGU6  Standard Gutte RLGU6    SO   3.0 0.019  20'04-00"   314.6   919.01
    4 GEN6   Gutter End Cap GEN6     SO   3.0 0.019      0-08"     4.0    15.62
    4 OCB6   Outside Corner OCB6     SO   3.0 0.019     10-00"     4.0   106.04
  133 RLGS96 Gutter Strap   RLGS96   CQ       0.019      9-00"   133.0   245.64
   12 DK6    Downspout(w/KO DK6      SO       0.019  12'02-00"   147.1   424.02
   36 DSS6   Downspout Stra DSS6     SO       0.019      4-00"    36.0   135.20
   24 DSE456 Downspout Conn DSE456   SO       0.019   1'04-00"    24.0   333.04
    1 OU6    Outside Corner OU6      SO       0.019  14'02-00"    11.8    34.08
    3 HR6    Outside Corner HR6      SO       0.019  14'02-00"    35.5   106.14
   45 RLFRC3 Formed Ridge C RLFRC366 CQ   3.0 0.019   3'00-00"   353.2   679.86


            Colors
            ------
              CQ - Gallery SMP Life         
              SO - Galvalume Standard 25-yr 

-------------------------------------------------------------------------------
                                                     Total:     1702.1  4968.56


===============================================================================
 Dave                8.DIAGONAL BRACING & SEALANT:              5/15/26  2:33pm

                                    Clr/     Thick/              Total    Total
 Quan Mark   Description  Part       Dia     FabLen     Length  Weight     Cost
===============================================================================
    4 CB-1   EW Cable     CB0250   0.250  35'10-00"  35'10-00"    17.2   108.92
    1 CB-2   SW Cable     CB0250   0.250  27'00-00"  27'00-00"     3.2    20.52
    1 CB-3   SW Cable@Bas CB0250   0.250  25'09-00"  25'09-00"     3.2    19.57
    4 CB-4   Roof Cable   CB0250   0.250  34'01-00"  34'01-00"    16.4   103.60

   9        Cbl Hardware CHW250         0.250                      0.90  258.75

   92        RLoc Inside  RLCLINGL            1.250   3'00-00"     3.7    64.81
   58        7/8" Butyl T BTL                 0.094  45'00-00"   116.0   305.80
   20        Metal Roof S MRS                 0.250  25'00-00"    17.0   600.00
   13        Grayflex Joi GFLEX115            1.500  13'00-00"    13.0   247.38
   90        RLoc-Out Clo RLCLOUTG            1.250   3'00-00"     3.6    63.40

-------------------------------------------------------------------------------
                                                     Total:      194.2  1792.75


===============================================================================
 Dave                9.ACCESSORIES:                             5/15/26  2:33pm

                                       Width/                    Total    Total
 Quan Mark   Description      Part      Color Thick     Length  Weight     Cost
===============================================================================
    1        CBL Hardware     CHW250       --            0-00"     2.0    28.75
    1        CBL Brace Anchor CL-21A       --            0-00"     2.0     0.00


            Colors
            ------
              -- - K1,KA,KB,KC,KD,KE,KF,KG,K

-------------------------------------------------------------------------------
                                                     Total:        4.0    28.75


===============================================================================
 Dave                10.FASTENERS:                              5/15/26  2:33pm

                                        Type/                    Total    Total
  Quan Mark   Description      Part     Color   Dia     Length  Weight     Cost
===============================================================================
     8        Bolts            BN58114   A325 0.625      1-04"     2.2    11.20
   550        Bolts            BN12100M  A307 0.500      1-00"    66.6   242.00
    41        Bolts            BN58214   A325 0.625      2-04"    12.0    64.78
    41        Bolts            BN58200   A325 0.625      2-00"    12.0    63.55
   100        Bolts            BN12100F  A307 0.500      1-00"    12.1    47.00
    50        Washers          FW12000        0.500                1.0    15.00
   100        Bolts            BN12114M  A307 0.500      1-04"    13.1    47.00
    33        Bolts            BN58134   A325 0.625      1-12"     9.0    49.50
     6        Bolts            BN58112   A325 0.625      1-08"     3.1     8.40
    49        Bolts            BN58112   A325 0.625      1-08"    13.4    68.60
    32        Anchor Bolt      AB750    F1554 0.750   1'03-00"    80.0   970.24
    16        Anchor Bolt      AB100    F1554 1.000   1'06-00"    56.0   541.60
     4        Anchor Bolt      AB750     A307 0.750   1'00-00"    10.0   121.28

  3250        1/4-12x1/2 TEK   8X12LATH    GZ            1-04"    52.0   115.05
  3000        M/M SCREW #12    114MM       CQ            1-04"    48.0   171.60
  1750        M/M SCREW #12    114MM       M             1-04"    28.0    88.38
   500        M/M SCREW #12    78LAP       SO            0-14"     8.0    27.70
   250        M/M SCREW #12    114MM       SO            1-04"     4.0    14.30
   150        1/8" Pop Rivet   POP         SO            1-04"    0.45  1049.51
    50        1/4-12x1/2 TEK   8X12LATH    SO            1-04"    0.80     1.77
   250        M/M SCREW #12    78LAP       --            0-14"     4.0    13.85
  2250        M/M SCREW #12    78LAP       CQ            0-14"    36.0   124.65
   500        M/M SCREW #12    78LAP       M             0-14"     8.0    24.60


            Colors
            ------
              -- - K1,KA,KB,KC,KD,KE,KF,KG,K
              GZ - Galvanized               
              PL - Plated                   
              M  - Galvalume Plus 25-yr     
              CQ - Gallery SMP Life         
              SO - Galvalume Standard 25-yr 

-------------------------------------------------------------------------------
                                                     Total:      479.7  3881.56


===============================================================================
 Dave                 Summary Reports                           5/15/26  2:33pm
===============================================================================






                             WEIGHT & COST SUMMARY
         --------------------------------------------------------------
         Page    Description                     Total Wt    Total Cost
         --------------------------------------------------------------
           1     Rigid Frames & Endwall Frames     7046.5      12814.62
           2     Door Jambs & Headers               495.5        415.02
           3     Purlins, Girts & Eave Struts     10418.1       8084.48
           4     Roof & Wall Sheeting              6705.2       7573.12
           5     Connection Plates                  124.3        202.46
           6     Angles                            1563.8       2232.80
           7     Trim                              1702.1       4968.56
           8     Diagonal Bracing & Sealant         194.2       1792.75
           9     Accessories                          4.0         28.75
          10     Fasteners                          479.7       3881.56
         --------------------------------------------------------------
                                     Totals:      28733.4      41994.12



    *WARNING: Cost could not be computed for the following parts!


                       Page     Quan       Part
                       ----    ------    --------
                         9         1     CL-21A  
